Component: ARM Compiler 5.06 update 6 (build 750) Tool: armlink [4d35ed]

==============================================================================

Section Cross References

    stm32f10x_it.o(i.HardFault_Handler) refers to printfa.o(i.__0printf) for __2printf
    stm32f10x_it.o(i.HardFault_Handler) refers to runcode.o(i.errormessage) for errormessage
    stm32f10x_it.o(i.SysTick_Handler) refers to tasks.o(i.xTaskGetSchedulerState) for xTaskGetSchedulerState
    stm32f10x_it.o(i.SysTick_Handler) refers to port.o(i.xPortSysTickHandler) for xPortSysTickHandler
    main.o(i.main) refers to misc.o(i.NVIC_PriorityGroupConfig) for NVIC_PriorityGroupConfig
    main.o(i.main) refers to delay.o(i.delay_init) for delay_init
    main.o(i.main) refers to switch.o(i.Switch_Init) for Switch_Init
    main.o(i.main) refers to usart1.o(i.usart1dma_init) for usart1dma_init
    main.o(i.main) refers to usart2.o(i.usart2dma_init) for usart2dma_init
    main.o(i.main) refers to usart3.o(i.usart3dma_init) for usart3dma_init
    main.o(i.main) refers to uart4.o(i.uart4dma_init) for uart4dma_init
    main.o(i.main) refers to led.o(i.led_init) for led_init
    main.o(i.main) refers to delay.o(i.delay_ms) for delay_ms
    main.o(i.main) refers to uart4.o(i.uart4_printf) for uart4_printf
    main.o(i.main) refers to tasks.o(i.xTaskCreate) for xTaskCreate
    main.o(i.main) refers to tasks.o(i.vTaskStartScheduler) for vTaskStartScheduler
    main.o(i.main) refers to main.o(.data) for StartTask_Handler
    main.o(i.main) refers to main.o(i.my_start_task) for my_start_task
    main.o(i.my_showhmi_task) refers to delay.o(i.delay_ms) for delay_ms
    main.o(i.my_showhmi_task) refers to printfa.o(i.__0printf) for __2printf
    main.o(i.my_showhmi_task) refers to thermostat.o(i.Thermostat_init) for Thermostat_init
    main.o(i.my_showhmi_task) refers to power.o(i.power_init) for power_init
    main.o(i.my_showhmi_task) refers to queue.o(i.xQueueGenericSend) for xQueueGenericSend
    main.o(i.my_showhmi_task) refers to thermostat.o(i.Send_Thermostat) for Send_Thermostat
    main.o(i.my_showhmi_task) refers to power.o(i.Send_power) for Send_power
    main.o(i.my_showhmi_task) refers to led.o(.data) for LED_xQueue
    main.o(i.my_start_task) refers to queue.o(i.xQueueGenericCreate) for xQueueGenericCreate
    main.o(i.my_start_task) refers to tasks.o(i.xTaskCreate) for xTaskCreate
    main.o(i.my_start_task) refers to tasks.o(i.vTaskDelete) for vTaskDelete
    main.o(i.my_start_task) refers to led.o(.data) for LED_xQueue
    main.o(i.my_start_task) refers to main.o(.data) for U1_xQueue
    main.o(i.my_start_task) refers to runcode.o(.data) for runcode_xQueue
    main.o(i.my_start_task) refers to main.o(i.my_showhmi_task) for my_showhmi_task
    main.o(i.my_start_task) refers to aht20.o(i.my_getCT_task) for my_getCT_task
    main.o(i.my_start_task) refers to led.o(i.my_LED_task) for my_LED_task
    main.o(i.my_start_task) refers to instruct.o(i.my_instruct_task) for my_instruct_task
    main.o(i.my_start_task) refers to door.o(i.my_door_task) for my_door_task
    main.o(i.stack_task) refers to tasks.o(i.vTaskGetInfo) for vTaskGetInfo
    main.o(i.stack_task) refers to uart4.o(i.uart4_printf) for uart4_printf
    main.o(i.stack_task) refers to delay.o(i.delay_ms) for delay_ms
    main.o(i.stack_task) refers to main.o(.data) for Instruct_Task_Handler
    main.o(i.stack_task) refers to runcode.o(.data) for Runcode_Task_Handler
    delay.o(i.delay_init) refers to misc.o(i.SysTick_CLKSourceConfig) for SysTick_CLKSourceConfig
    delay.o(i.delay_init) refers to system_stm32f10x.o(.data) for SystemCoreClock
    delay.o(i.delay_init) refers to delay.o(.data) for fac_us
    delay.o(i.delay_ms) refers to tasks.o(i.xTaskGetSchedulerState) for xTaskGetSchedulerState
    delay.o(i.delay_ms) refers to tasks.o(i.vTaskDelay) for vTaskDelay
    delay.o(i.delay_ms) refers to delay.o(i.delay_us) for delay_us
    delay.o(i.delay_ms) refers to delay.o(.data) for how_ms_per_rate
    delay.o(i.delay_us) refers to delay.o(.data) for fac_us
    delay.o(i.delay_xms) refers to delay.o(i.delay_us) for delay_us
    usart1.o(i.USART1_IRQHandler) refers to stm32f10x_usart.o(i.USART_GetITStatus) for USART_GetITStatus
    usart1.o(i.USART1_IRQHandler) refers to stm32f10x_dma.o(i.DMA_Cmd) for DMA_Cmd
    usart1.o(i.USART1_IRQHandler) refers to stm32f10x_dma.o(i.DMA_GetCurrDataCounter) for DMA_GetCurrDataCounter
    usart1.o(i.USART1_IRQHandler) refers to stm32f10x_dma.o(i.DMA_SetCurrDataCounter) for DMA_SetCurrDataCounter
    usart1.o(i.USART1_IRQHandler) refers to stm32f10x_usart.o(i.USART_ClearITPendingBit) for USART_ClearITPendingBit
    usart1.o(i.USART1_IRQHandler) refers to queue.o(i.xQueueGenericSendFromISR) for xQueueGenericSendFromISR
    usart1.o(i.USART1_IRQHandler) refers to usart1.o(.data) for usart1_rx_len
    usart1.o(i.USART1_IRQHandler) refers to usart1.o(.bss) for usart1_rx_package
    usart1.o(i.USART1_IRQHandler) refers to main.o(.data) for U1_xQueue
[...]
    i.prvSampleTimeNow                       0x08005ac8   Section        0  timers.o(i.prvSampleTimeNow)
    prvSampleTimeNow                         0x08005ac9   Thumb Code    40  timers.o(i.prvSampleTimeNow)
    i.prvSwitchTimerLists                    0x08005af4   Section        0  timers.o(i.prvSwitchTimerLists)
    prvSwitchTimerLists                      0x08005af5   Thumb Code   140  timers.o(i.prvSwitchTimerLists)
    i.prvTaskExitError                       0x08005bb0   Section        0  port.o(i.prvTaskExitError)
    prvTaskExitError                         0x08005bb1   Thumb Code    48  port.o(i.prvTaskExitError)
    i.prvTaskIsTaskSuspended                 0x08005c20   Section        0  tasks.o(i.prvTaskIsTaskSuspended)
    prvTaskIsTaskSuspended                   0x08005c21   Thumb Code    72  tasks.o(i.prvTaskIsTaskSuspended)
    i.prvTimerTask                           0x08005c94   Section        0  timers.o(i.prvTimerTask)
    prvTimerTask                             0x08005c95   Thumb Code    26  timers.o(i.prvTimerTask)
    i.prvUnlockQueue                         0x08005cae   Section        0  queue.o(i.prvUnlockQueue)
    prvUnlockQueue                           0x08005caf   Thumb Code   146  queue.o(i.prvUnlockQueue)
    i.pvPortMalloc                           0x08005d40   Section        0  heap_4.o(i.pvPortMalloc)
    i.pvTaskIncrementMutexHeldCount          0x08005e94   Section        0  tasks.o(i.pvTaskIncrementMutexHeldCount)
    i.pxPortInitialiseStack                  0x08005eb4   Section        0  port.o(i.pxPortInitialiseStack)
    i.stopdoor                               0x08005ed8   Section        0  door.o(i.stopdoor)
    i.uart4_idle_interrupt_init              0x08005ef0   Section        0  uart4.o(i.uart4_idle_interrupt_init)
    uart4_idle_interrupt_init                0x08005ef1   Thumb Code    56  uart4.o(i.uart4_idle_interrupt_init)
    i.uart4_init                             0x08005f2c   Section        0  uart4.o(i.uart4_init)
    uart4_init                               0x08005f2d   Thumb Code   130  uart4.o(i.uart4_init)
    i.uart4_printf                           0x08005fb8   Section        0  uart4.o(i.uart4_printf)
    i.uart4_rx_dma_init                      0x08005ff4   Section        0  uart4.o(i.uart4_rx_dma_init)
    uart4_rx_dma_init                        0x08005ff5   Thumb Code    58  uart4.o(i.uart4_rx_dma_init)
    i.uart4_send_byte_blocking               0x0800603c   Section        0  uart4.o(i.uart4_send_byte_blocking)
    i.uart4dma_init                          0x0800605c   Section        0  uart4.o(i.uart4dma_init)
    i.updoor                                 0x08006070   Section        0  door.o(i.updoor)
    i.usart1_idle_interrupt_init             0x08006208   Section        0  usart1.o(i.usart1_idle_interrupt_init)
    usart1_idle_interrupt_init               0x08006209   Thumb Code    56  usart1.o(i.usart1_idle_interrupt_init)
    i.usart1_init                            0x08006244   Section        0  usart1.o(i.usart1_init)
    usart1_init                              0x08006245   Thumb Code   128  usart1.o(i.usart1_init)
    i.usart1_rx_dma_init                     0x080062cc   Section        0  usart1.o(i.usart1_rx_dma_init)
    usart1_rx_dma_init                       0x080062cd   Thumb Code    58  usart1.o(i.usart1_rx_dma_init)
    i.usart1dma_init                         0x08006314   Section        0  usart1.o(i.usart1dma_init)
    i.usart2_idle_interrupt_init             0x08006328   Section        0  usart2.o(i.usart2_idle_interrupt_init)
    usart2_idle_interrupt_init               0x08006329   Thumb Code    56  usart2.o(i.usart2_idle_interrupt_init)
    i.usart2_init                            0x08006364   Section        0  usart2.o(i.usart2_init)
    usart2_init                              0x08006365   Thumb Code   126  usart2.o(i.usart2_init)
    i.usart2_rx_dma_init                     0x080063ec   Section        0  usart2.o(i.usart2_rx_dma_init)
    usart2_rx_dma_init                       0x080063ed   Thumb Code    58  usart2.o(i.usart2_rx_dma_init)
    i.usart2dma_init                         0x08006434   Section        0  usart2.o(i.usart2dma_init)
    i.usart3_idle_interrupt_init             0x08006448   Section        0  usart3.o(i.usart3_idle_interrupt_init)
    usart3_idle_interrupt_init               0x08006449   Thumb Code    56  usart3.o(i.usart3_idle_interrupt_init)
    i.usart3_init                            0x08006484   Section        0  usart3.o(i.usart3_init)
    usart3_init                              0x08006485   Thumb Code   130  usart3.o(i.usart3_init)
    i.usart3_rx_dma_init                     0x08006510   Section        0  usart3.o(i.usart3_rx_dma_init)
    usart3_rx_dma_init                       0x08006511   Thumb Code    58  usart3.o(i.usart3_rx_dma_init)
    i.usart3dma_init                         0x08006558   Section        0  usart3.o(i.usart3dma_init)
    i.uxListRemove                           0x0800656c   Section        0  list.o(i.uxListRemove)
    i.vListInitialise                        0x08006594   Section        0  list.o(i.vListInitialise)
    i.vListInitialiseItem                    0x080065ae   Section        0  list.o(i.vListInitialiseItem)
    i.vListInsert                            0x080065b4   Section        0  list.o(i.vListInsert)
    i.vListInsertEnd                         0x080065e8   Section        0  list.o(i.vListInsertEnd)
    i.vPortEnterCritical                     0x08006600   Section        0  port.o(i.vPortEnterCritical)
    i.vPortExitCritical                      0x08006688   Section        0  port.o(i.vPortExitCritical)
    i.vPortFree                              0x080066f8   Section        0  heap_4.o(i.vPortFree)
    i.vPortSetupTimerInterrupt               0x080067b0   Section        0  port.o(i.vPortSetupTimerInterrupt)
    i.vPortValidateInterruptPriority         0x080067d0   Section        0  port.o(i.vPortValidateInterruptPriority)
    i.vQueueAddToRegistry                    0x08006870   Section        0  queue.o(i.vQueueAddToRegistry)
    i.vQueueWaitForMessageRestricted         0x0800689c   Section        0  queue.o(i.vQueueWaitForMessageRestricted)
    i.vTaskDelay                             0x080068e8   Section        0  tasks.o(i.vTaskDelay)
    i.vTaskDelayUntil                        0x0800695c   Section        0  tasks.o(i.vTaskDelayUntil)
    i.vTaskDelete                            0x08006a38   Section        0  tasks.o(i.vTaskDelete)
    i.vTaskMissedYield                       0x08006b44   Section        0  tasks.o(i.vTaskMissedYield)
    i.vTaskPlaceOnEventList                  0x08006b50   Section        0  tasks.o(i.vTaskPlaceOnEventList)
    i.vTaskPlaceOnEventListRestricted        0x08006ba4   Section        0  tasks.o(i.vTaskPlaceOnEventListRestricted)
    i.vTaskPriorityInherit                   0x08006c00   Section        0  tasks.o(i.vTaskPriorityInherit)
    i.vTaskResume                            0x08006cb0   Section        0  tasks.o(i.vTaskResume)
    i.vTaskSetTimeOutState                   0x08006d5c   Section        0  tasks.o(i.vTaskSetTimeOutState)
    i.vTaskStartScheduler                    0x08006da8   Section        0  tasks.o(i.vTaskStartScheduler)
    i.vTaskSuspend                           0x08006e54   Section        0  tasks.o(i.vTaskSuspend)
    i.vTaskSuspendAll                        0x08006f54   Section        0  tasks.o(i.vTaskSuspendAll)
    i.vTaskSwitchContext                     0x08006f64   Section        0  tasks.o(i.vTaskSwitchContext)
    i.xPortStartScheduler                    0x0800700c   Section        0  port.o(i.xPortStartScheduler)
    i.xPortSysTickHandler                    0x080070ac   Section        0  port.o(i.xPortSysTickHandler)
    i.xQueueGenericCreate                    0x080070e0   Section        0  queue.o(i.xQueueGenericCreate)
    i.xQueueGenericReceive                   0x08007154   Section        0  queue.o(i.xQueueGenericReceive)
    i.xQueueGenericReset                     0x0800731c   Section        0  queue.o(i.xQueueGenericReset)
    i.xQueueGenericSend                      0x080073cc   Section        0  queue.o(i.xQueueGenericSend)
    i.xQueueGenericSendFromISR               0x08007590   Section        0  queue.o(i.xQueueGenericSendFromISR)
    i.xTaskCheckForTimeOut                   0x080076a0   Section        0  tasks.o(i.xTaskCheckForTimeOut)
    i.xTaskCreate                            0x08007740   Section        0  tasks.o(i.xTaskCreate)
    i.xTaskGetSchedulerState                 0x080077a0   Section        0  tasks.o(i.xTaskGetSchedulerState)
    i.xTaskGetTickCount                      0x080077c0   Section        0  tasks.o(i.xTaskGetTickCount)
    i.xTaskIncrementTick                     0x080077cc   Section        0  tasks.o(i.xTaskIncrementTick)
    i.xTaskPriorityDisinherit                0x0800792c   Section        0  tasks.o(i.xTaskPriorityDisinherit)
    i.xTaskRemoveFromEventList               0x08007a04   Section        0  tasks.o(i.xTaskRemoveFromEventList)
    i.xTaskResumeAll                         0x08007ab8   Section        0  tasks.o(i.xTaskResumeAll)
    i.xTimerCreateTimerTask                  0x08007bd8   Section        0  timers.o(i.xTimerCreateTimerTask)
    i.xTimerGenericCommand                   0x08007c4c   Section        0  timers.o(i.xTimerGenericCommand)
    .constdata                               0x08007cf0   Section       44  usart1.o(.constdata)
    .constdata                               0x08007d1c   Section       44  usart2.o(.constdata)
    .constdata                               0x08007d48   Section       44  usart3.o(.constdata)
    .constdata                               0x08007d74   Section       44  uart4.o(.constdata)
    .conststring                             0x08007da0   Section       70  instruct.o(.conststring)
    .conststring                             0x08007de8   Section       73  runcode.o(.conststring)
    .data                                    0x20000000   Section       44  main.o(.data)
    .data                                    0x2000002c   Section        4  delay.o(.data)
    fac_us                                   0x2000002c   Data           1  delay.o(.data)
    how_ms_per_rate                          0x2000002e   Data           2  delay.o(.data)
    .data                                    0x20000030   Section        8  usart1.o(.data)
    .data                                    0x20000038   Section        3  usart2.o(.data)
    .data                                    0x2000003c   Section        3  usart3.o(.data)
    .data                                    0x20000040   Section        3  uart4.o(.data)
    .data                                    0x20000044   Section        4  led.o(.data)
    .data                                    0x20000048   Section       16  aht20.o(.data)
    .data                                    0x20000058   Section       52  thermostat.o(.data)
    .data                                    0x2000008c   Section      540  power.o(.data)
    TabH                                     0x2000008c   Data         256  power.o(.data)
    TabL                                     0x2000018c   Data         256  power.o(.data)
    .data                                    0x200002a8   Section      512  crc.o(.data)
    TabH                                     0x200002a8   Data         256  crc.o(.data)
    TabL                                     0x200003a8   Data         256  crc.o(.data)
    .data                                    0x200004a8   Section       16  instruct.o(.data)
    .data                                    0x200004b8   Section       12  runcode.o(.data)
    .data                                    0x200004c4   Section       20  system_stm32f10x.o(.data)
    .data                                    0x200004d8   Section       20  stm32f10x_rcc.o(.data)
    APBAHBPrescTable                         0x200004d8   Data          16  stm32f10x_rcc.o(.data)
    ADCPrescTable                            0x200004e8   Data           4  stm32f10x_rcc.o(.data)
    .data                                    0x200004ec   Section       60  tasks.o(.data)
    pxDelayedTaskList                        0x200004f0   Data           4  tasks.o(.data)
    pxOverflowDelayedTaskList                0x200004f4   Data           4  tasks.o(.data)
    uxDeletedTasksWaitingCleanUp             0x200004f8   Data           4  tasks.o(.data)
    uxCurrentNumberOfTasks                   0x200004fc   Data           4  tasks.o(.data)
    xTickCount                               0x20000500   Data           4  tasks.o(.data)
    uxTopReadyPriority                       0x20000504   Data           4  tasks.o(.data)
    xSchedulerRunning                        0x20000508   Data           4  tasks.o(.data)
    uxPendedTicks                            0x2000050c   Data           4  tasks.o(.data)
    xYieldPending                            0x20000510   Data           4  tasks.o(.data)
    xNumOfOverflows                          0x20000514   Data           4  tasks.o(.data)
    uxTaskNumber                             0x20000518   Data           4  tasks.o(.data)
    xNextTaskUnblockTime                     0x2000051c   Data           4  tasks.o(.data)
    xIdleTaskHandle                          0x20000520   Data           4  tasks.o(.data)
    uxSchedulerSuspended                     0x20000524   Data           4  tasks.o(.data)
    .data                                    0x20000528   Section       20  timers.o(.data)
    pxCurrentTimerList                       0x20000528   Data           4  timers.o(.data)
    pxOverflowTimerList                      0x2000052c   Data           4  timers.o(.data)
    xTimerQueue                              0x20000530   Data           4  timers.o(.data)
    xTimerTaskHandle                         0x20000534   Data           4  timers.o(.data)
    xLastTime                                0x20000538   Data           4  timers.o(.data)
    .data                                    0x2000053c   Section       24  heap_4.o(.data)
    xStart                                   0x2000053c   Data           8  heap_4.o(.data)
    pxEnd                                    0x20000544   Data           4  heap_4.o(.data)
    xFreeBytesRemaining                      0x20000548   Data           4  heap_4.o(.data)
    xMinimumEverFreeBytesRemaining           0x2000054c   Data           4  heap_4.o(.data)
    xBlockAllocatedBit                       0x20000550   Data           4  heap_4.o(.data)
    .data                                    0x20000554   Section       12  port.o(.data)
    uxCriticalNesting                        0x20000554   Data           4  port.o(.data)
    ucMaxSysCallPriority                     0x20000558   Data           1  port.o(.data)
    ulMaxPRIGROUPValue                       0x2000055c   Data           4  port.o(.data)
    .bss                                     0x20000560   Section      200  usart1.o(.bss)
    .bss                                     0x20000628   Section      200  usart2.o(.bss)
    .bss                                     0x200006f0   Section      200  usart3.o(.bss)
    .bss                                     0x200007b8   Section      200  uart4.o(.bss)
    .bss                                     0x20000880   Section       64  queue.o(.bss)
    .bss                                     0x200008c0   Section      740  tasks.o(.bss)
    pxReadyTasksLists                        0x200008c0   Data         640  tasks.o(.bss)
    xDelayedTaskList1                        0x20000b40   Data          20  tasks.o(.bss)
    xDelayedTaskList2                        0x20000b54   Data          20  tasks.o(.bss)
    xPendingReadyList                        0x20000b68   Data          20  tasks.o(.bss)
    xTasksWaitingTermination                 0x20000b7c   Data          20  tasks.o(.bss)
    xSuspendedTaskList                       0x20000b90   Data          20  tasks.o(.bss)
    .bss                                     0x20000ba4   Section       40  timers.o(.bss)
    xActiveTimerList1                        0x20000ba4   Data          20  timers.o(.bss)
    xActiveTimerList2                        0x20000bb8   Data          20  timers.o(.bss)
    .bss                                     0x20000bcc   Section    20480  heap_4.o(.bss)
    ucHeap                                   0x20000bcc   Data       20480  heap_4.o(.bss)
    STACK                                    0x20005bd0   Section     1024  startup_stm32f10x_hd.o(STACK)

    Global Symbols

    Symbol Name                              Value     Ov Type        Size  Object(Section)

    BuildAttributes$$THM_ISAv4$P$D$K$B$S$PE$A:L22UL41UL21$X:L11$S22US41US21$IEEE1$IW$USESV6$~STKCKD$USESV7$~SHL$OTIME$ROPI$EBA8$MICROLIB$REQ8$PRES8$EABIv2 0x00000000   Number         0  anon$$obj.o ABSOLUTE
    __ARM_use_no_argv                        0x00000000   Number         0  main.o ABSOLUTE
    __use_no_errno                           0x00000000   Number         0  useno.o ABSOLUTE
    __use_no_exception_handling              0x00000000   Number         0  useno.o ABSOLUTE
    __use_no_fp                              0x00000000   Number         0  useno.o ABSOLUTE
    __use_no_heap                            0x00000000   Number         0  useno.o ABSOLUTE
    __use_no_heap_region                     0x00000000   Number         0  useno.o ABSOLUTE
    __use_no_semihosting                     0x00000000   Number         0  useno.o ABSOLUTE
    __use_no_semihosting_swi                 0x00000000   Number         0  useno.o ABSOLUTE
    __use_no_signal_handling                 0x00000000   Number         0  useno.o ABSOLUTE
    _printf_a                                0x00000000   Number         0  stubs.o ABSOLUTE
    _printf_c                                0x00000000   Number         0  stubs.o ABSOLUTE
    _printf_charcount                        0x00000000   Number         0  stubs.o ABSOLUTE
    _printf_d                                0x00000000   Number         0  stubs.o ABSOLUTE
    _printf_e                                0x00000000   Number         0  stubs.o ABSOLUTE
    _printf_f                                0x00000000   Number         0  stubs.o ABSOLUTE
    _printf_flags                            0x00000000   Number         0  stubs.o ABSOLUTE
    _printf_fp_dec                           0x00000000   Number         0  stubs.o ABSOLUTE
    _printf_fp_hex                           0x00000000   Number         0  stubs.o ABSOLUTE
    _printf_g                                0x00000000   Number         0  stubs.o ABSOLUTE
    _printf_i                                0x00000000   Number         0  stubs.o ABSOLUTE
    _printf_int_dec                          0x00000000   Number         0  stubs.o ABSOLUTE
    _printf_l                                0x00000000   Number         0  stubs.o ABSOLUTE
    _printf_lc                               0x00000000   Number         0  stubs.o ABSOLUTE
    _printf_ll                               0x00000000   Number         0  stubs.o ABSOLUTE
    _printf_lld                              0x00000000   Number         0  stubs.o ABSOLUTE
    _printf_lli                              0x00000000   Number         0  stubs.o ABSOLUTE
    _printf_llo                              0x00000000   Number         0  stubs.o ABSOLUTE
    _printf_llu                              0x00000000   Number         0  stubs.o ABSOLUTE
    _printf_llx                              0x00000000   Number         0  stubs.o ABSOLUTE
    _printf_longlong_dec                     0x00000000   Number         0  stubs.o ABSOLUTE
    _printf_longlong_hex                     0x00000000   Number         0  stubs.o ABSOLUTE
    _printf_longlong_oct                     0x00000000   Number         0  stubs.o ABSOLUTE
    _printf_ls                               0x00000000   Number         0  stubs.o ABSOLUTE
    _printf_mbtowc                           0x00000000   Number         0  stubs.o ABSOLUTE
    _printf_n                                0x00000000   Number         0  stubs.o ABSOLUTE
    _printf_o                                0x00000000   Number         0  stubs.o ABSOLUTE
    _printf_p                                0x00000000   Number         0  stubs.o ABSOLUTE
    _printf_percent                          0x00000000   Number         0  stubs.o ABSOLUTE
    _printf_pre_padding                      0x00000000   Number         0  stubs.o ABSOLUTE
    _printf_return_value                     0x00000000   Number         0  stubs.o ABSOLUTE
    _printf_s                                0x00000000   Number         0  stubs.o ABSOLUTE
    _printf_sizespec                         0x00000000   Number         0  stubs.o ABSOLUTE
    _printf_str                              0x00000000   Number         0  stubs.o ABSOLUTE
    _printf_truncate_signed                  0x00000000   Number         0  stubs.o ABSOLUTE
    _printf_truncate_unsigned                0x00000000   Number         0  stubs.o ABSOLUTE
    _printf_u                                0x00000000   Number         0  stubs.o ABSOLUTE
    _printf_wc                               0x00000000   Number         0  stubs.o ABSOLUTE
    _printf_wctomb                           0x00000000   Number         0  stubs.o ABSOLUTE
    _printf_widthprec                        0x00000000   Number         0  stubs.o ABSOLUTE
    _printf_x                                0x00000000   Number         0  stubs.o ABSOLUTE
    __cpp_initialize__aeabi_                  - Undefined Weak Reference
    __cxa_finalize                            - Undefined Weak Reference
    _clock_init                               - Undefined Weak Reference
    _microlib_exit                            - Undefined Weak Reference
    __Vectors_Size                           0x00000130   Number         0  startup_stm32f10x_hd.o ABSOLUTE
    __Vectors                                0x08000000   Data           4  startup_stm32f10x_hd.o(RESET)
    __Vectors_End                            0x08000130   Data           0  startup_stm32f10x_hd.o(RESET)
    __main                                   0x08000131   Thumb Code     0  entry.o(.ARM.Collect$$$$00000000)
    _main_stk                                0x08000131   Thumb Code     0  entry2.o(.ARM.Collect$$$$00000001)
    _main_scatterload                        0x08000135   Thumb Code     0  entry5.o(.ARM.Collect$$$$00000004)
    __main_after_scatterload                 0x08000139   Thumb Code     0  entry5.o(.ARM.Collect$$$$00000004)
    _main_clock                              0x08000139   Thumb Code     0  entry7b.o(.ARM.Collect$$$$00000008)
    _main_cpp_init                           0x08000139   Thumb Code     0  entry8b.o(.ARM.Collect$$$$0000000A)
    _main_init                               0x08000139   Thumb Code     0  entry9a.o(.ARM.Collect$$$$0000000B)
    __rt_final_cpp                           0x08000141   Thumb Code     0  entry10a.o(.ARM.Collect$$$$0000000D)
    __rt_final_exit                          0x08000141   Thumb Code     0  entry11a.o(.ARM.Collect$$$$0000000F)
    SVC_Handler                              0x08000145   Thumb Code    32  port.o(.emb_text)
    __asm___6_port_c_39a90d8d__prvStartFirstTask 0x08000169   Thumb Code    28  port.o(.emb_text)
    PendSV_Handler                           0x08000189   Thumb Code    72  port.o(.emb_text)
    vPortGetIPSR                             0x080001d5   Thumb Code     6  port.o(.emb_text)
    Reset_Handler                            0x080001dd   Thumb Code     8  startup_stm32f10x_hd.o(.text)
    ADC1_2_IRQHandler                        0x080001f7   Thumb Code     0  startup_stm32f10x_hd.o(.text)
    ADC3_IRQHandler                          0x080001f7   Thumb Code     0  startup_stm32f10x_hd.o(.text)
    CAN1_RX1_IRQHandler                      0x080001f7   Thumb Code     0  startup_stm32f10x_hd.o(.text)
    CAN1_SCE_IRQHandler                      0x080001f7   Thumb Code     0  startup_stm32f10x_hd.o(.text)
    DMA1_Channel1_IRQHandler                 0x080001f7   Thumb Code     0  startup_stm32f10x_hd.o(.text)
    DMA1_Channel2_IRQHandler                 0x080001f7   Thumb Code     0  startup_stm32f10x_hd.o(.text)
    DMA1_Channel3_IRQHandler                 0x080001f7   Thumb Code     0  startup_stm32f10x_hd.o(.text)
    DMA1_Channel4_IRQHandler                 0x080001f7   Thumb Code     0  startup_stm32f10x_hd.o(.text)
    DMA1_Channel5_IRQHandler                 0x080001f7   Thumb Code     0  startup_stm32f10x_hd.o(.text)
    DMA1_Channel6_IRQHandler                 0x080001f7   Thumb Code     0  startup_stm32f10x_hd.o(.text)
    DMA1_Channel7_IRQHandler                 0x080001f7   Thumb Code     0  startup_stm32f10x_hd.o(.text)
    DMA2_Channel1_IRQHandler                 0x080001f7   Thumb Code     0  startup_stm32f10x_hd.o(.text)
    DMA2_Channel2_IRQHandler                 0x080001f7   Thumb Code     0  startup_stm32f10x_hd.o(.text)
    DMA2_Channel3_IRQHandler                 0x080001f7   Thumb Code     0  startup_stm32f10x_hd.o(.text)
    DMA2_Channel4_5_IRQHandler               0x080001f7   Thumb Code     0  startup_stm32f10x_hd.o(.text)
    EXTI0_IRQHandler                         0x080001f7   Thumb Code     0  startup_stm32f10x_hd.o(.text)
    EXTI15_10_IRQHandler                     0x080001f7   Thumb Code     0  startup_stm32f10x_hd.o(.text)
    EXTI1_IRQHandler                         0x080001f7   Thumb Code     0  startup_stm32f10x_hd.o(.text)
    EXTI2_IRQHandler                         0x080001f7   Thumb Code     0  startup_stm32f10x_hd.o(.text)
    EXTI3_IRQHandler                         0x080001f7   Thumb Code     0  startup_stm32f10x_hd.o(.text)
    EXTI4_IRQHandler                         0x080001f7   Thumb Code     0  startup_stm32f10x_hd.o(.text)
    EXTI9_5_IRQHandler                       0x080001f7   Thumb Code     0  startup_stm32f10x_hd.o(.text)
    FLASH_IRQHandler                         0x080001f7   Thumb Code     0  startup_stm32f10x_hd.o(.text)
    FSMC_IRQHandler                          0x080001f7   Thumb Code     0  startup_stm32f10x_hd.o(.text)
    I2C1_ER_IRQHandler                       0x080001f7   Thumb Code     0  startup_stm32f10x_hd.o(.text)
    I2C1_EV_IRQHandler                       0x080001f7   Thumb Code     0  startup_stm32f10x_hd.o(.text)
    I2C2_ER_IRQHandler                       0x080001f7   Thumb Code     0  startup_stm32f10x_hd.o(.text)
    I2C2_EV_IRQHandler                       0x080001f7   Thumb Code     0  startup_stm32f10x_hd.o(.text)
    PVD_IRQHandler                           0x080001f7   Thumb Code     0  startup_stm32f10x_hd.o(.text)
    RCC_IRQHandler                           0x080001f7   Thumb Code     0  startup_stm32f10x_hd.o(.text)
    RTCAlarm_IRQHandler                      0x080001f7   Thumb Code     0  startup_stm32f10x_hd.o(.text)
    RTC_IRQHandler                           0x080001f7   Thumb Code     0  startup_stm32f10x_hd.o(.text)
    SDIO_IRQHandler                          0x080001f7   Thumb Code     0  startup_stm32f10x_hd.o(.text)
    SPI1_IRQHandler                          0x080001f7   Thumb Code     0  startup_stm32f10x_hd.o(.text)
    SPI2_IRQHandler                          0x080001f7   Thumb Code     0  startup_stm32f10x_hd.o(.text)
    SPI3_IRQHandler                          0x080001f7   Thumb Code     0  startup_stm32f10x_hd.o(.text)
    TAMPER_IRQHandler                        0x080001f7   Thumb Code     0  startup_stm32f10x_hd.o(.text)
    TIM1_BRK_IRQHandler                      0x080001f7   Thumb Code     0  startup_stm32f10x_hd.o(.text)
    TIM1_CC_IRQHandler                       0x080001f7   Thumb Code     0  startup_stm32f10x_hd.o(.text)
    TIM1_TRG_COM_IRQHandler                  0x080001f7   Thumb Code     0  startup_stm32f10x_hd.o(.text)
    TIM1_UP_IRQHandler                       0x080001f7   Thumb Code     0  startup_stm32f10x_hd.o(.text)
    TIM2_IRQHandler                          0x080001f7   Thumb Code     0  startup_stm32f10x_hd.o(.text)
    TIM3_IRQHandler                          0x080001f7   Thumb Code     0  startup_stm32f10x_hd.o(.text)
    TIM4_IRQHandler                          0x080001f7   Thumb Code     0  startup_stm32f10x_hd.o(.text)
    TIM5_IRQHandler                          0x080001f7   Thumb Code     0  startup_stm32f10x_hd.o(.text)
    TIM6_IRQHandler                          0x080001f7   Thumb Code     0  startup_stm32f10x_hd.o(.text)
    TIM7_IRQHandler                          0x080001f7   Thumb Code     0  startup_stm32f10x_hd.o(.text)
    TIM8_BRK_IRQHandler                      0x080001f7   Thumb Code     0  startup_stm32f10x_hd.o(.text)
    TIM8_CC_IRQHandler                       0x080001f7   Thumb Code     0  startup_stm32f10x_hd.o(.text)
    TIM8_TRG_COM_IRQHandler                  0x080001f7   Thumb Code     0  startup_stm32f10x_hd.o(.text)
    TIM8_UP_IRQHandler                       0x080001f7   Thumb Code     0  startup_stm32f10x_hd.o(.text)
    UART5_IRQHandler                         0x080001f7   Thumb Code     0  startup_stm32f10x_hd.o(.text)
    USBWakeUp_IRQHandler                     0x080001f7   Thumb Code     0  startup_stm32f10x_hd.o(.text)
    USB_HP_CAN1_TX_IRQHandler                0x080001f7   Thumb Code     0  startup_stm32f10x_hd.o(.text)
    USB_LP_CAN1_RX0_IRQHandler               0x080001f7   Thumb Code     0  startup_stm32f10x_hd.o(.text)
    WWDG_IRQHandler                          0x080001f7   Thumb Code     0  startup_stm32f10x_hd.o(.text)
    __aeabi_memcpy                           0x08000201   Thumb Code    36  memcpya.o(.text)
    __aeabi_memcpy4                          0x08000201   Thumb Code     0  memcpya.o(.text)
    __aeabi_memcpy8                          0x08000201   Thumb Code     0  memcpya.o(.text)
    __aeabi_memset                           0x08000225   Thumb Code    14  memseta.o(.text)
    __aeabi_memset4                          0x08000225   Thumb Code     0  memseta.o(.text)
    __aeabi_memset8                          0x08000225   Thumb Code     0  memseta.o(.text)
    __aeabi_memclr                           0x08000233   Thumb Code     4  memseta.o(.text)
    __aeabi_memclr4                          0x08000233   Thumb Code     0  memseta.o(.text)
    __aeabi_memclr8                          0x08000233   Thumb Code     0  memseta.o(.text)
    _memset$wrapper                          0x08000237   Thumb Code    18  memseta.o(.text)
    strlen                                   0x08000249   Thumb Code    14  strlen.o(.text)
    __aeabi_fadd                             0x08000257   Thumb Code   164  fadd.o(.text)
    __aeabi_fsub                             0x080002fb   Thumb Code     6  fadd.o(.text)
    __aeabi_frsub                            0x08000301   Thumb Code     6  fadd.o(.text)
    __aeabi_fmul                             0x08000307   Thumb Code   100  fmul.o(.text)
    __aeabi_fdiv                             0x0800036b   Thumb Code   124  fdiv.o(.text)
    __aeabi_dmul                             0x080003e7   Thumb Code   228  dmul.o(.text)
    __aeabi_ddiv                             0x080004cb   Thumb Code   222  ddiv.o(.text)
    __aeabi_i2f                              0x080005a9   Thumb Code    18  fflti.o(.text)
    __aeabi_ui2f                             0x080005bb   Thumb Code    10  ffltui.o(.text)
    __aeabi_i2d                              0x080005c5   Thumb Code    34  dflti.o(.text)
    __aeabi_f2iz                             0x080005e7   Thumb Code    50  ffixi.o(.text)
    __aeabi_f2uiz                            0x08000619   Thumb Code    40  ffixui.o(.text)
    __aeabi_d2uiz                            0x08000641   Thumb Code    50  dfixui.o(.text)
    __aeabi_f2d                              0x08000673   Thumb Code    38  f2d.o(.text)
    __aeabi_cdcmpeq                          0x08000699   Thumb Code     0  cdcmple.o(.text)
    __aeabi_cdcmple                          0x08000699   Thumb Code    48  cdcmple.o(.text)
    __aeabi_cdrcmple                         0x080006c9   Thumb Code    48  cdrcmple.o(.text)
    __aeabi_d2f                              0x080006f9   Thumb Code    56  d2f.o(.text)
    __aeabi_cfcmpeq                          0x08000731   Thumb Code     0  cfcmple.o(.text)
    __aeabi_cfcmple                          0x08000731   Thumb Code    20  cfcmple.o(.text)
    __aeabi_uidiv                            0x08000745   Thumb Code     0  uidiv.o(.text)
    __aeabi_uidivmod                         0x08000745   Thumb Code    44  uidiv.o(.text)
    __aeabi_uldivmod                         0x08000771   Thumb Code    98  uldiv.o(.text)
    __aeabi_llsr                             0x080007d3   Thumb Code    32  llushr.o(.text)
    _ll_ushift_r                             0x080007d3   Thumb Code     0  llushr.o(.text)
    __I$use$fp                               0x080007f3   Thumb Code     0  iusefp.o(.text)
    _float_round                             0x080007f3   Thumb Code    18  fepilogue.o(.text)
    _float_epilogue                          0x08000805   Thumb Code    92  fepilogue.o(.text)
    _double_round                            0x08000861   Thumb Code    30  depilogue.o(.text)
    _double_epilogue                         0x0800087f   Thumb Code   156  depilogue.o(.text)
    __aeabi_dadd                             0x0800091b   Thumb Code   322  dadd.o(.text)
    __aeabi_dsub                             0x08000a5d   Thumb Code     6  dadd.o(.text)
    __aeabi_drsub                            0x08000a63   Thumb Code     6  dadd.o(.text)
    __aeabi_d2ulz                            0x08000a69   Thumb Code    48  dfixul.o(.text)
    __scatterload                            0x08000a99   Thumb Code    28  init.o(.text)
    __scatterload_rt2                        0x08000a99   Thumb Code     0  init.o(.text)
    __aeabi_llsl                             0x08000abd   Thumb Code    30  llshl.o(.text)
    _ll_shift_l                              0x08000abd   Thumb Code     0  llshl.o(.text)
    __aeabi_lasr                             0x08000adb   Thumb Code    36  llsshr.o(.text)
    _ll_sshift_r                             0x08000adb   Thumb Code     0  llsshr.o(.text)
    __decompress                             0x08000aff   Thumb Code     0  __dclz77c.o(.text)
    __decompress2                            0x08000aff   Thumb Code    94  __dclz77c.o(.text)
    AHT20_Clock_Init                         0x08000b5d   Thumb Code    12  aht20.o(i.AHT20_Clock_Init)
    AHT20_RD_Byte                            0x08000b69   Thumb Code    80  aht20.o(i.AHT20_RD_Byte)
    AHT20_Read_CTdata                        0x08000bbd   Thumb Code   210  aht20.o(i.AHT20_Read_CTdata)
    AHT20_Read_Status                        0x08000c8f   Thumb Code    34  aht20.o(i.AHT20_Read_Status)
    AHT20_SendAC                             0x08000cb1   Thumb Code    52  aht20.o(i.AHT20_SendAC)
    AHT20_Start_Init                         0x08000ce5   Thumb Code    22  aht20.o(i.AHT20_Start_Init)
    AHT20_WR_Byte                            0x08000cfb   Thumb Code    82  aht20.o(i.AHT20_WR_Byte)
    BusFault_Handler                         0x08000d4d   Thumb Code     2  stm32f10x_it.o(i.BusFault_Handler)
    DMA_Cmd                                  0x08000d4f   Thumb Code    24  stm32f10x_dma.o(i.DMA_Cmd)
    DMA_DeInit                               0x08000d69   Thumb Code   324  stm32f10x_dma.o(i.DMA_DeInit)
    DMA_GetCurrDataCounter                   0x08000eb5   Thumb Code     8  stm32f10x_dma.o(i.DMA_GetCurrDataCounter)
    DMA_Init                                 0x08000ebd   Thumb Code    60  stm32f10x_dma.o(i.DMA_Init)
    DMA_SetCurrDataCounter                   0x08000ef9   Thumb Code     4  stm32f10x_dma.o(i.DMA_SetCurrDataCounter)
    DebugMon_Handler                         0x08000efd   Thumb Code     2  stm32f10x_it.o(i.DebugMon_Handler)
    Delay_1ms                                0x08000eff   Thumb Code    24  aht20.o(i.Delay_1ms)
    Delay_4us                                0x08000f17   Thumb Code    28  aht20.o(i.Delay_4us)
    Delay_5us                                0x08000f33   Thumb Code    34  aht20.o(i.Delay_5us)
    Delay_N10us                              0x08000f55   Thumb Code    24  aht20.o(i.Delay_N10us)
    GPIO_Init                                0x08000f6d   Thumb Code   278  stm32f10x_gpio.o(i.GPIO_Init)
    GPIO_PinRemapConfig                      0x08001085   Thumb Code   138  stm32f10x_gpio.o(i.GPIO_PinRemapConfig)
    GPIO_ReadInputDataBit                    0x08001115   Thumb Code    18  stm32f10x_gpio.o(i.GPIO_ReadInputDataBit)
    GPIO_ResetBits                           0x08001127   Thumb Code     4  stm32f10x_gpio.o(i.GPIO_ResetBits)
    GPIO_SetBits                             0x0800112b   Thumb Code     4  stm32f10x_gpio.o(i.GPIO_SetBits)
    HardFault_Handler                        0x08001131   Thumb Code    16  stm32f10x_it.o(i.HardFault_Handler)
    I2C_Start                                0x0800115d   Thumb Code    44  aht20.o(i.I2C_Start)
    Init_I2C_Sensor_Port                     0x08001189   Thumb Code    76  aht20.o(i.Init_I2C_Sensor_Port)
    JH_Reset_REG                             0x080011d9   Thumb Code   162  aht20.o(i.JH_Reset_REG)
    MemManage_Handler                        0x0800127b   Thumb Code     2  stm32f10x_it.o(i.MemManage_Handler)
    ModbusCRCCalc                            0x0800127d   Thumb Code    48  crc.o(i.ModbusCRCCalc)
    NMI_Handler                              0x080012b5   Thumb Code     2  stm32f10x_it.o(i.NMI_Handler)
    NVIC_Init                                0x080012b9   Thumb Code   100  misc.o(i.NVIC_Init)
    NVIC_PriorityGroupConfig                 0x08001329   Thumb Code    10  misc.o(i.NVIC_PriorityGroupConfig)
    RCC_AHBPeriphClockCmd                    0x0800133d   Thumb Code    26  stm32f10x_rcc.o(i.RCC_AHBPeriphClockCmd)
    RCC_APB1PeriphClockCmd                   0x0800135d   Thumb Code    26  stm32f10x_rcc.o(i.RCC_APB1PeriphClockCmd)
    RCC_APB1PeriphResetCmd                   0x0800137d   Thumb Code    26  stm32f10x_rcc.o(i.RCC_APB1PeriphResetCmd)
    RCC_APB2PeriphClockCmd                   0x0800139d   Thumb Code    26  stm32f10x_rcc.o(i.RCC_APB2PeriphClockCmd)
    RCC_APB2PeriphResetCmd                   0x080013bd   Thumb Code    26  stm32f10x_rcc.o(i.RCC_APB2PeriphResetCmd)
    RCC_GetClocksFreq                        0x080013dd   Thumb Code   192  stm32f10x_rcc.o(i.RCC_GetClocksFreq)
    Receive_ACK                              0x080014b1   Thumb Code    70  aht20.o(i.Receive_ACK)
    SCL_Pin_Output_High                      0x080014fd   Thumb Code    12  aht20.o(i.SCL_Pin_Output_High)
    SCL_Pin_Output_Low                       0x0800150d   Thumb Code    12  aht20.o(i.SCL_Pin_Output_Low)
    SDA_Pin_IN_FLOATING                      0x0800151d   Thumb Code    30  aht20.o(i.SDA_Pin_IN_FLOATING)
    SDA_Pin_Output_High                      0x08001541   Thumb Code    38  aht20.o(i.SDA_Pin_Output_High)
    SDA_Pin_Output_Low                       0x0800156d   Thumb Code    38  aht20.o(i.SDA_Pin_Output_Low)
    Send_ACK                                 0x08001599   Thumb Code    54  aht20.o(i.Send_ACK)
    Send_NOT_ACK                             0x080015cf   Thumb Code    54  aht20.o(i.Send_NOT_ACK)
    Send_Thermostat                          0x08001605   Thumb Code   688  thermostat.o(i.Send_Thermostat)
    Send_power                               0x08001a1d   Thumb Code   588  power.o(i.Send_power)
    SensorDelay_us                           0x08001d75   Thumb Code    22  aht20.o(i.SensorDelay_us)
    Serial_SendArray                         0x08001d8b   Thumb Code    32  thermostat.o(i.Serial_SendArray)
    Serial_SendByte                          0x08001dad   Thumb Code    76  thermostat.o(i.Serial_SendByte)
    Stop_I2C                                 0x08001eed   Thumb Code    34  aht20.o(i.Stop_I2C)
    Switch_Init                              0x08001f11   Thumb Code   390  switch.o(i.Switch_Init)
    SysTick_CLKSourceConfig                  0x080020a5   Thumb Code    40  misc.o(i.SysTick_CLKSourceConfig)
    SysTick_Handler                          0x080020cd   Thumb Code    16  stm32f10x_it.o(i.SysTick_Handler)
    SystemInit                               0x080020dd   Thumb Code    78  system_stm32f10x.o(i.SystemInit)
    Thermostat_init                          0x0800213d   Thumb Code    76  thermostat.o(i.Thermostat_init)
    UART4_IRQHandler                         0x080021b5   Thumb Code   146  uart4.o(i.UART4_IRQHandler)
    USART1_IRQHandler                        0x08002265   Thumb Code   104  usart1.o(i.USART1_IRQHandler)
    USART2_IRQHandler                        0x080022e5   Thumb Code   104  usart2.o(i.USART2_IRQHandler)
    USART3_IRQHandler                        0x08002365   Thumb Code   104  usart3.o(i.USART3_IRQHandler)
    USART_ClearFlag                          0x080023e5   Thumb Code    18  stm32f10x_usart.o(i.USART_ClearFlag)
    USART_ClearITPendingBit                  0x080023f7   Thumb Code    30  stm32f10x_usart.o(i.USART_ClearITPendingBit)
    USART_Cmd                                0x08002415   Thumb Code    24  stm32f10x_usart.o(i.USART_Cmd)
    USART_DMACmd                             0x0800242d   Thumb Code    18  stm32f10x_usart.o(i.USART_DMACmd)
    USART_DeInit                             0x08002441   Thumb Code   134  stm32f10x_usart.o(i.USART_DeInit)
    USART_GetFlagStatus                      0x080024dd   Thumb Code    26  stm32f10x_usart.o(i.USART_GetFlagStatus)
    USART_GetITStatus                        0x080024f7   Thumb Code    84  stm32f10x_usart.o(i.USART_GetITStatus)
    USART_ITConfig                           0x0800254b   Thumb Code    74  stm32f10x_usart.o(i.USART_ITConfig)
    USART_Init                               0x08002595   Thumb Code   210  stm32f10x_usart.o(i.USART_Init)
    USART_SendData                           0x0800266d   Thumb Code     8  stm32f10x_usart.o(i.USART_SendData)
    UsageFault_Handler                       0x08002675   Thumb Code     2  stm32f10x_it.o(i.UsageFault_Handler)
    __0printf                                0x08002679   Thumb Code    22  printfa.o(i.__0printf)
    __1printf                                0x08002679   Thumb Code     0  printfa.o(i.__0printf)
    __2printf                                0x08002679   Thumb Code     0  printfa.o(i.__0printf)
    __c89printf                              0x08002679   Thumb Code     0  printfa.o(i.__0printf)
    printf                                   0x08002679   Thumb Code     0  printfa.o(i.__0printf)
    __0vsprintf                              0x08002699   Thumb Code    30  printfa.o(i.__0vsprintf)
    __1vsprintf                              0x08002699   Thumb Code     0  printfa.o(i.__0vsprintf)
    __2vsprintf                              0x08002699   Thumb Code     0  printfa.o(i.__0vsprintf)
    __c89vsprintf                            0x08002699   Thumb Code     0  printfa.o(i.__0vsprintf)
    vsprintf                                 0x08002699   Thumb Code     0  printfa.o(i.__0vsprintf)
    __scatterload_copy                       0x080026bd   Thumb Code    14  handlers.o(i.__scatterload_copy)
    __scatterload_null                       0x080026cb   Thumb Code     2  handlers.o(i.__scatterload_null)
    __scatterload_zeroinit                   0x080026cd   Thumb Code    14  handlers.o(i.__scatterload_zeroinit)
    delay_init                               0x08002f99   Thumb Code    70  delay.o(i.delay_init)
    delay_ms                                 0x08002ff1   Thumb Code    60  delay.o(i.delay_ms)
    delay_us                                 0x08003031   Thumb Code    68  delay.o(i.delay_us)
    downdoor                                 0x08003079   Thumb Code   456  door.o(i.downdoor)
    errormessage                             0x080033d5   Thumb Code   298  runcode.o(i.errormessage)
    fputc                                    0x08003661   Thumb Code    24  usart1.o(i.fputc)
    getCT                                    0x0800367d   Thumb Code    90  aht20.o(i.getCT)
    heating                                  0x08003715   Thumb Code  1000  runcode.o(i.heating)
    led_init                                 0x08003cf9   Thumb Code   132  led.o(i.led_init)
    main                                     0x08003d85   Thumb Code   134  main.o(i.main)
    my_LED_task                              0x08003e3d   Thumb Code   116  led.o(i.my_LED_task)
    my_door_task                             0x08003ebd   Thumb Code   152  door.o(i.my_door_task)
    my_getCT_task                            0x08003f9d   Thumb Code    58  aht20.o(i.my_getCT_task)
    my_instruct_task                         0x08003fd9   Thumb Code  1392  instruct.o(i.my_instruct_task)
    my_runcode_task                          0x080045d9   Thumb Code  2060  runcode.o(i.my_runcode_task)
    my_showhmi_task                          0x08004f71   Thumb Code   104  main.o(i.my_showhmi_task)
    my_start_task                            0x08004ff9   Thumb Code   184  main.o(i.my_start_task)
    power_init                               0x08005141   Thumb Code    92  power.o(i.power_init)
    pvPortMalloc                             0x08005d41   Thumb Code   262  heap_4.o(i.pvPortMalloc)
    pvTaskIncrementMutexHeldCount            0x08005e95   Thumb Code    26  tasks.o(i.pvTaskIncrementMutexHeldCount)
    pxPortInitialiseStack                    0x08005eb5   Thumb Code    30  port.o(i.pxPortInitialiseStack)
    stopdoor                                 0x08005ed9   Thumb Code    16  door.o(i.stopdoor)
    uart4_printf                             0x08005fb9   Thumb Code    56  uart4.o(i.uart4_printf)
    uart4_send_byte_blocking                 0x0800603d   Thumb Code    28  uart4.o(i.uart4_send_byte_blocking)
    uart4dma_init                            0x0800605d   Thumb Code    20  uart4.o(i.uart4dma_init)
    updoor                                   0x08006071   Thumb Code   198  door.o(i.updoor)
    usart1dma_init                           0x08006315   Thumb Code    20  usart1.o(i.usart1dma_init)
    usart2dma_init                           0x08006435   Thumb Code    20  usart2.o(i.usart2dma_init)
    usart3dma_init                           0x08006559   Thumb Code    20  usart3.o(i.usart3dma_init)
    uxListRemove                             0x0800656d   Thumb Code    40  list.o(i.uxListRemove)
    vListInitialise                          0x08006595   Thumb Code    26  list.o(i.vListInitialise)
    vListInitialiseItem                      0x080065af   Thumb Code     6  list.o(i.vListInitialiseItem)
    vListInsert                              0x080065b5   Thumb Code    52  list.o(i.vListInsert)
    vListInsertEnd                           0x080065e9   Thumb Code    24  list.o(i.vListInsertEnd)
    vPortEnterCritical                       0x08006601   Thumb Code    68  port.o(i.vPortEnterCritical)
    vPortExitCritical                        0x08006689   Thumb Code    48  port.o(i.vPortExitCritical)
    vPortFree                                0x080066f9   Thumb Code   120  heap_4.o(i.vPortFree)
    vPortSetupTimerInterrupt                 0x080067b1   Thumb Code    26  port.o(i.vPortSetupTimerInterrupt)
    vPortValidateInterruptPriority           0x080067d1   Thumb Code    86  port.o(i.vPortValidateInterruptPriority)
    vQueueAddToRegistry                      0x08006871   Thumb Code    38  queue.o(i.vQueueAddToRegistry)
    vQueueWaitForMessageRestricted           0x0800689d   Thumb Code    74  queue.o(i.vQueueWaitForMessageRestricted)
    vTaskDelay                               0x080068e9   Thumb Code    72  tasks.o(i.vTaskDelay)
    vTaskDelayUntil                          0x0800695d   Thumb Code   170  tasks.o(i.vTaskDelayUntil)
    vTaskDelete                              0x08006a39   Thumb Code   192  tasks.o(i.vTaskDelete)
    vTaskMissedYield                         0x08006b45   Thumb Code     8  tasks.o(i.vTaskMissedYield)
    vTaskPlaceOnEventList                    0x08006b51   Thumb Code    42  tasks.o(i.vTaskPlaceOnEventList)
    vTaskPlaceOnEventListRestricted          0x08006ba5   Thumb Code    50  tasks.o(i.vTaskPlaceOnEventListRestricted)
    vTaskPriorityInherit                     0x08006c01   Thumb Code   164  tasks.o(i.vTaskPriorityInherit)
    vTaskResume                              0x08006cb1   Thumb Code   118  tasks.o(i.vTaskResume)
    vTaskSetTimeOutState                     0x08006d5d   Thumb Code    32  tasks.o(i.vTaskSetTimeOutState)
    vTaskStartScheduler                      0x08006da9   Thumb Code   108  tasks.o(i.vTaskStartScheduler)
    vTaskSuspend                             0x08006e55   Thumb Code   186  tasks.o(i.vTaskSuspend)
    vTaskSuspendAll                          0x08006f55   Thumb Code    12  tasks.o(i.vTaskSuspendAll)
    vTaskSwitchContext                       0x08006f65   Thumb Code   110  tasks.o(i.vTaskSwitchContext)
    xPortStartScheduler                      0x0800700d   Thumb Code   140  port.o(i.xPortStartScheduler)
    xPortSysTickHandler                      0x080070ad   Thumb Code    46  port.o(i.xPortSysTickHandler)
    xQueueGenericCreate                      0x080070e1   Thumb Code    78  queue.o(i.xQueueGenericCreate)
    xQueueGenericReceive                     0x08007155   Thumb Code   416  queue.o(i.xQueueGenericReceive)
    xQueueGenericReset                       0x0800731d   Thumb Code   136  queue.o(i.xQueueGenericReset)
    xQueueGenericSend                        0x080073cd   Thumb Code   412  queue.o(i.xQueueGenericSend)
    xQueueGenericSendFromISR                 0x08007591   Thumb Code   234  queue.o(i.xQueueGenericSendFromISR)
    xTaskCheckForTimeOut                     0x080076a1   Thumb Code   116  tasks.o(i.xTaskCheckForTimeOut)
    xTaskCreate                              0x08007741   Thumb Code    96  tasks.o(i.xTaskCreate)
    xTaskGetSchedulerState                   0x080077a1   Thumb Code    24  tasks.o(i.xTaskGetSchedulerState)
    xTaskGetTickCount                        0x080077c1   Thumb Code     6  tasks.o(i.xTaskGetTickCount)
    xTaskIncrementTick                       0x080077cd   Thumb Code   272  tasks.o(i.xTaskIncrementTick)
    xTaskPriorityDisinherit                  0x0800792d   Thumb Code   168  tasks.o(i.xTaskPriorityDisinherit)
    xTaskRemoveFromEventList                 0x08007a05   Thumb Code   118  tasks.o(i.xTaskRemoveFromEventList)
    xTaskResumeAll                           0x08007ab9   Thumb Code   214  tasks.o(i.xTaskResumeAll)
    xTimerCreateTimerTask                    0x08007bd9   Thumb Code    56  timers.o(i.xTimerCreateTimerTask)
    xTimerGenericCommand                     0x08007c4d   Thumb Code   118  timers.o(i.xTimerGenericCommand)
    Region$$Table$$Base                      0x08007e34   Number         0  anon$$obj.o(Region$$Table)
    Region$$Table$$Limit                     0x08007e54   Number         0  anon$$obj.o(Region$$Table)
    U1_xQueue                                0x20000000   Data           4  main.o(.data)
    U2_xQueue                                0x20000004   Data           4  main.o(.data)
    U3_xQueue                                0x20000008   Data           4  main.o(.data)
    door_flag                                0x2000000c   Data           1  main.o(.data)
    StartTask_Handler                        0x20000010   Data           4  main.o(.data)
    Showhmi_Task_Handler                     0x20000014   Data           4  main.o(.data)
    GetCT_Task_Handler                       0x20000018   Data           4  main.o(.data)
    LED_Task_Handler                         0x2000001c   Data           4  main.o(.data)
    Instruct_Task_Handler                    0x20000020   Data           4  main.o(.data)
    Door_Task_Handler                        0x20000024   Data           4  main.o(.data)
    Stack_Task_Handler                       0x20000028   Data           4  main.o(.data)
    usart1_rx_len                            0x20000030   Data           2  usart1.o(.data)
    is_usart1_receive_ok                     0x20000032   Data           1  usart1.o(.data)
    __stdout                                 0x20000034   Data           4  usart1.o(.data)
    usart2_rx_len                            0x20000038   Data           2  usart2.o(.data)
    is_usart2_receive_ok                     0x2000003a   Data           1  usart2.o(.data)
    usart3_rx_len                            0x2000003c   Data           2  usart3.o(.data)
    is_usart3_receive_ok                     0x2000003e   Data           1  usart3.o(.data)
    uart4_rx_len                             0x20000040   Data           2  uart4.o(.data)
    is_uart4_receive_ok                      0x20000042   Data           1  uart4.o(.data)
    LED_xQueue                               0x20000044   Data           4  led.o(.data)
    CT_data                                  0x20000048   Data           8  aht20.o(.data)
    c1                                       0x20000050   Data           4  aht20.o(.data)
    t1                                       0x20000054   Data           4  aht20.o(.data)
    xStartTime                               0x20000058   Data           4  thermostat.o(.data)
    xEndTime                                 0x2000005c   Data           4  thermostat.o(.data)
    PVTem                                    0x20000060   Data           4  thermostat.o(.data)
    SVTem                                    0x20000064   Data           4  thermostat.o(.data)
    RunTime                                  0x20000068   Data           4  thermostat.o(.data)
    Pno                                      0x2000006c   Data           4  thermostat.o(.data)
    Step                                     0x20000070   Data           4  thermostat.o(.data)
    Value                                    0x20000074   Data           4  thermostat.o(.data)
    Srun                                     0x20000078   Data           4  thermostat.o(.data)
    C                                        0x2000007c   Data           4  thermostat.o(.data)
    V                                        0x20000080   Data           4  thermostat.o(.data)
    error_3_times                            0x20000084   Data           4  thermostat.o(.data)
    Output                                   0x20000088   Data           4  thermostat.o(.data)
    xStartTime_power                         0x2000028c   Data           4  power.o(.data)
    xEndTime_power                           0x20000290   Data           4  power.o(.data)
    v_opt                                    0x20000294   Data           4  power.o(.data)
    i_opt                                    0x20000298   Data           4  power.o(.data)
    p_opt                                    0x2000029c   Data           4  power.o(.data)
    power_state                              0x200002a0   Data           4  power.o(.data)
    power_error                              0x200002a4   Data           4  power.o(.data)
    break_Runcode                            0x200004a8   Data           1  instruct.o(.data)
    duandianjixv                             0x200004a9   Data           1  instruct.o(.data)
    isRunning_Runcode                        0x200004aa   Data           1  instruct.o(.data)
    debug                                    0x200004ab   Data           1  instruct.o(.data)
    runingtime                               0x200004ac   Data           4  instruct.o(.data)
    Alltime                                  0x200004b0   Data           4  instruct.o(.data)
    TEMchange                                0x200004b4   Data           4  instruct.o(.data)
    Runcode_Task_Handler                     0x200004b8   Data           4  runcode.o(.data)
    runcode_xQueue                           0x200004bc   Data           4  runcode.o(.data)
    xLastWakeTime                            0x200004c0   Data           4  runcode.o(.data)
    SystemCoreClock                          0x200004c4   Data           4  system_stm32f10x.o(.data)
    AHBPrescTable                            0x200004c8   Data          16  system_stm32f10x.o(.data)
    pxCurrentTCB                             0x200004ec   Data           4  tasks.o(.data)
    usart1_tx_package                        0x20000560   Data         100  usart1.o(.bss)
    usart1_rx_package                        0x200005c4   Data         100  usart1.o(.bss)
    usart2_tx_package                        0x20000628   Data         100  usart2.o(.bss)
    usart2_rx_package                        0x2000068c   Data         100  usart2.o(.bss)
    usart3_tx_package                        0x200006f0   Data         100  usart3.o(.bss)
    usart3_rx_package                        0x20000754   Data         100  usart3.o(.bss)
    uart4_tx_package                         0x200007b8   Data         100  uart4.o(.bss)
    uart4_rx_package                         0x2000081c   Data         100  uart4.o(.bss)
    xQueueRegistry                           0x20000880   Data          64  queue.o(.bss)
    __initial_sp                             0x20005fd0   Data           0  startup_stm32f10x_hd.o(STACK)



==============================================================================

Memory Map of the image

  Image Entry point : 0x080001dd

  Load Region LR_1 (Base: 0x08000000, Size: 0x000083b4, Max: 0xffffffff, ABSOLUTE, COMPRESSED[0x00007fa8])

    Execution Region ER_RO (Exec base: 0x08000000, Load base: 0x08000000, Size: 0x00007e54, Max: 0xffffffff, ABSOLUTE)

    Exec Addr    Load Addr    Size         Type   Attr      Idx    E Section Name        Object

    0x08000000   0x08000000   0x00000130   Data   RO         1105    RESET               startup_stm32f10x_hd.o
    0x08000130   0x08000130   0x00000000   Code   RO         3438  * .ARM.Collect$$$$00000000  mc_w.l(entry.o)
    0x08000130   0x08000130   0x00000004   Code   RO         3744    .ARM.Collect$$$$00000001  mc_w.l(entry2.o)
    0x08000134   0x08000134   0x00000004   Code   RO         3747    .ARM.Collect$$$$00000004  mc_w.l(entry5.o)
    0x08000138   0x08000138   0x00000000   Code   RO         3749    .ARM.Collect$$$$00000008  mc_w.l(entry7b.o)
    0x08000138   0x08000138   0x00000000   Code   RO         3751    .ARM.Collect$$$$0000000A  mc_w.l(entry8b.o)
    0x08000138   0x08000138   0x00000008   Code   RO         3752    .ARM.Collect$$$$0000000B  mc_w.l(entry9a.o)
    0x08000140   0x08000140   0x00000000   Code   RO         3754    .ARM.Collect$$$$0000000D  mc_w.l(entry10a.o)
    0x08000140   0x08000140   0x00000000   Code   RO         3756    .ARM.Collect$$$$0000000F  mc_w.l(entry11a.o)
    0x08000140   0x08000140   0x00000004   Code   RO         3745    .ARM.Collect$$$$00002712  mc_w.l(entry2.o)
    0x08000144   0x08000144   0x00000096   Code   RO         3361    .emb_text           port.o
    0x080001da   0x080001da   0x00000002   PAD
    0x080001dc   0x080001dc   0x00000024   Code   RO         1106  * .text               startup_stm32f10x_hd.o
    0x08000200   0x08000200   0x00000024   Code   RO         3441    .text               mc_w.l(memcpya.o)
    0x08000224   0x08000224   0x00000024   Code   RO         3443    .text               mc_w.l(memseta.o)
    0x08000248   0x08000248   0x0000000e   Code   RO         3445    .text               mc_w.l(strlen.o)
    0x08000256   0x08000256   0x000000b0   Code   RO         3712    .text               mf_w.l(fadd.o)
    0x08000306   0x08000306   0x00000064   Code   RO         3714    .text               mf_w.l(fmul.o)
    0x0800036a   0x0800036a   0x0000007c   Code   RO         3716    .text               mf_w.l(fdiv.o)
    0x080003e6   0x080003e6   0x000000e4   Code   RO         3718    .text               mf_w.l(dmul.o)
    0x080004ca   0x080004ca   0x000000de   Code   RO         3720    .text               mf_w.l(ddiv.o)
    0x080005a8   0x080005a8   0x00000012   Code   RO         3722    .text               mf_w.l(fflti.o)
    0x080005ba   0x080005ba   0x0000000a   Code   RO         3724    .text               mf_w.l(ffltui.o)
    0x080005c4   0x080005c4   0x00000022   Code   RO         3726    .text               mf_w.l(dflti.o)
    0x080005e6   0x080005e6   0x00000032   Code   RO         3728    .text               mf_w.l(ffixi.o)
    0x08000618   0x08000618   0x00000028   Code   RO         3730    .text               mf_w.l(ffixui.o)
    0x08000640   0x08000640   0x00000032   Code   RO         3732    .text               mf_w.l(dfixui.o)
    0x08000672   0x08000672   0x00000026   Code   RO         3734    .text               mf_w.l(f2d.o)
    0x08000698   0x08000698   0x00000030   Code   RO         3736    .text               mf_w.l(cdcmple.o)
    0x080006c8   0x080006c8   0x00000030   Code   RO         3738    .text               mf_w.l(cdrcmple.o)
    0x080006f8   0x080006f8   0x00000038   Code   RO         3740    .text               mf_w.l(d2f.o)
    0x08000730   0x08000730   0x00000014   Code   RO         3742    .text               mf_w.l(cfcmple.o)
    0x08000744   0x08000744   0x0000002c   Code   RO         3758    .text               mc_w.l(uidiv.o)
    0x08000770   0x08000770   0x00000062   Code   RO         3760    .text               mc_w.l(uldiv.o)
    0x080007d2   0x080007d2   0x00000020   Code   RO         3762    .text               mc_w.l(llushr.o)
    0x080007f2   0x080007f2   0x00000000   Code   RO         3764    .text               mc_w.l(iusefp.o)
    0x080007f2   0x080007f2   0x0000006e   Code   RO         3765    .text               mf_w.l(fepilogue.o)
    0x08000860   0x08000860   0x000000ba   Code   RO         3767    .text               mf_w.l(depilogue.o)
    0x0800091a   0x0800091a   0x0000014e   Code   RO         3769    .text               mf_w.l(dadd.o)
    0x08000a68   0x08000a68   0x00000030   Code   RO         3771    .text               mf_w.l(dfixul.o)
    0x08000a98   0x08000a98   0x00000024   Code   RO         3773    .text               mc_w.l(init.o)
    0x08000abc   0x08000abc   0x0000001e   Code   RO         3775    .text               mc_w.l(llshl.o)
    0x08000ada   0x08000ada   0x00000024   Code   RO         3777    .text               mc_w.l(llsshr.o)
    0x08000afe   0x08000afe   0x0000005e   Code   RO         3787    .text               mc_w.l(__dclz77c.o)
    0x08000b5c   0x08000b5c   0x0000000c   Code   RO          689    i.AHT20_Clock_Init  aht20.o
    0x08000b68   0x08000b68   0x00000054   Code   RO          690    i.AHT20_RD_Byte     aht20.o
    0x08000bbc   0x08000bbc   0x000000d2   Code   RO          691    i.AHT20_Read_CTdata  aht20.o
    0x08000c8e   0x08000c8e   0x00000022   Code   RO          693    i.AHT20_Read_Status  aht20.o
    0x08000cb0   0x08000cb0   0x00000034   Code   RO          694    i.AHT20_SendAC      aht20.o
    0x08000ce4   0x08000ce4   0x00000016   Code   RO          695    i.AHT20_Start_Init  aht20.o
    0x08000cfa   0x08000cfa   0x00000052   Code   RO          696    i.AHT20_WR_Byte     aht20.o
    0x08000d4c   0x08000d4c   0x00000002   Code   RO            1    i.BusFault_Handler  stm32f10x_it.o
    0x08000d4e   0x08000d4e   0x00000018   Code   RO         2334    i.DMA_Cmd           stm32f10x_dma.o
    0x08000d66   0x08000d66   0x00000002   PAD
    0x08000d68   0x08000d68   0x0000014c   Code   RO         2335    i.DMA_DeInit        stm32f10x_dma.o
    0x08000eb4   0x08000eb4   0x00000008   Code   RO         2336    i.DMA_GetCurrDataCounter  stm32f10x_dma.o
    0x08000ebc   0x08000ebc   0x0000003c   Code   RO         2340    i.DMA_Init          stm32f10x_dma.o
    0x08000ef8   0x08000ef8   0x00000004   Code   RO         2341    i.DMA_SetCurrDataCounter  stm32f10x_dma.o
    0x08000efc   0x08000efc   0x00000002   Code   RO            2    i.DebugMon_Handler  stm32f10x_it.o
    0x08000efe   0x08000efe   0x00000018   Code   RO          698    i.Delay_1ms         aht20.o
    0x08000f16   0x08000f16   0x0000001c   Code   RO          699    i.Delay_4us         aht20.o
    0x08000f32   0x08000f32   0x00000022   Code   RO          700    i.Delay_5us         aht20.o
    0x08000f54   0x08000f54   0x00000018   Code   RO          701    i.Delay_N10us       aht20.o
    0x08000f6c   0x08000f6c   0x00000116   Code   RO         2080    i.GPIO_Init         stm32f10x_gpio.o
    0x08001082   0x08001082   0x00000002   PAD
    0x08001084   0x08001084   0x00000090   Code   RO         2082    i.GPIO_PinRemapConfig  stm32f10x_gpio.o
    0x08001114   0x08001114   0x00000012   Code   RO         2084    i.GPIO_ReadInputDataBit  stm32f10x_gpio.o
    0x08001126   0x08001126   0x00000004   Code   RO         2087    i.GPIO_ResetBits    stm32f10x_gpio.o
    0x0800112a   0x0800112a   0x00000004   Code   RO         2088    i.GPIO_SetBits      stm32f10x_gpio.o
    0x0800112e   0x0800112e   0x00000002   PAD
    0x08001130   0x08001130   0x0000002c   Code   RO            3    i.HardFault_Handler  stm32f10x_it.o
    0x0800115c   0x0800115c   0x0000002c   Code   RO          702    i.I2C_Start         aht20.o
    0x08001188   0x08001188   0x00000050   Code   RO          703    i.Init_I2C_Sensor_Port  aht20.o
    0x080011d8   0x080011d8   0x000000a2   Code   RO          704    i.JH_Reset_REG      aht20.o
    0x0800127a   0x0800127a   0x00000002   Code   RO            4    i.MemManage_Handler  stm32f10x_it.o
    0x0800127c   0x0800127c   0x00000038   Code   RO          981    i.ModbusCRCCalc     crc.o
    0x080012b4   0x080012b4   0x00000002   Code   RO            5    i.NMI_Handler       stm32f10x_it.o
    0x080012b6   0x080012b6   0x00000002   PAD
    0x080012b8   0x080012b8   0x00000070   Code   RO         1110    i.NVIC_Init         misc.o
    0x08001328   0x08001328   0x00000014   Code   RO         1111    i.NVIC_PriorityGroupConfig  misc.o
    0x0800133c   0x0800133c   0x00000020   Code   RO         1147    i.RCC_AHBPeriphClockCmd  stm32f10x_rcc.o
    0x0800135c   0x0800135c   0x00000020   Code   RO         1148    i.RCC_APB1PeriphClockCmd  stm32f10x_rcc.o
    0x0800137c   0x0800137c   0x00000020   Code   RO         1149    i.RCC_APB1PeriphResetCmd  stm32f10x_rcc.o
    0x0800139c   0x0800139c   0x00000020   Code   RO         1150    i.RCC_APB2PeriphClockCmd  stm32f10x_rcc.o
    0x080013bc   0x080013bc   0x00000020   Code   RO         1151    i.RCC_APB2PeriphResetCmd  stm32f10x_rcc.o
    0x080013dc   0x080013dc   0x000000d4   Code   RO         1158    i.RCC_GetClocksFreq  stm32f10x_rcc.o
    0x080014b0   0x080014b0   0x0000004c   Code   RO          705    i.Receive_ACK       aht20.o
    0x080014fc   0x080014fc   0x00000010   Code   RO          706    i.SCL_Pin_Output_High  aht20.o
    0x0800150c   0x0800150c   0x00000010   Code   RO          707    i.SCL_Pin_Output_Low  aht20.o
    0x0800151c   0x0800151c   0x00000024   Code   RO          708    i.SDA_Pin_IN_FLOATING  aht20.o
    0x08001540   0x08001540   0x0000002c   Code   RO          709    i.SDA_Pin_Output_High  aht20.o
    0x0800156c   0x0800156c   0x0000002c   Code   RO          710    i.SDA_Pin_Output_Low  aht20.o
    0x08001598   0x08001598   0x00000036   Code   RO          711    i.Send_ACK          aht20.o
    0x080015ce   0x080015ce   0x00000036   Code   RO          712    i.Send_NOT_ACK      aht20.o
    0x08001604   0x08001604   0x00000418   Code   RO          881    i.Send_Thermostat   thermostat.o
    0x08001a1c   0x08001a1c   0x00000358   Code   RO          953    i.Send_power        power.o
    0x08001d74   0x08001d74   0x00000016   Code   RO          713    i.SensorDelay_us    aht20.o
    0x08001d8a   0x08001d8a   0x00000020   Code   RO          882    i.Serial_SendArray  thermostat.o
    0x08001daa   0x08001daa   0x00000002   PAD
    0x08001dac   0x08001dac   0x00000058   Code   RO          883    i.Serial_SendByte   thermostat.o
    0x08001e04   0x08001e04   0x00000008   Code   RO         1069    i.SetSysClock       system_stm32f10x.o
    0x08001e0c   0x08001e0c   0x000000e0   Code   RO         1070    i.SetSysClockTo72   system_stm32f10x.o
    0x08001eec   0x08001eec   0x00000022   Code   RO          714    i.Stop_I2C          aht20.o
    0x08001f0e   0x08001f0e   0x00000002   PAD
    0x08001f10   0x08001f10   0x00000194   Code   RO          869    i.Switch_Init       switch.o
    0x080020a4   0x080020a4   0x00000028   Code   RO         1114    i.SysTick_CLKSourceConfig  misc.o
    0x080020cc   0x080020cc   0x00000010   Code   RO            6    i.SysTick_Handler   stm32f10x_it.o
    0x080020dc   0x080020dc   0x00000060   Code   RO         1072    i.SystemInit        system_stm32f10x.o
    0x0800213c   0x0800213c   0x00000078   Code   RO          884    i.Thermostat_init   thermostat.o
    0x080021b4   0x080021b4   0x000000b0   Code   RO          588    i.UART4_IRQHandler  uart4.o
    0x08002264   0x08002264   0x00000080   Code   RO          318    i.USART1_IRQHandler  usart1.o
    0x080022e4   0x080022e4   0x00000080   Code   RO          421    i.USART2_IRQHandler  usart2.o
    0x08002364   0x08002364   0x00000080   Code   RO          506    i.USART3_IRQHandler  usart3.o
    0x080023e4   0x080023e4   0x00000012   Code   RO         1894    i.USART_ClearFlag   stm32f10x_usart.o
    0x080023f6   0x080023f6   0x0000001e   Code   RO         1895    i.USART_ClearITPendingBit  stm32f10x_usart.o
    0x08002414   0x08002414   0x00000018   Code   RO         1898    i.USART_Cmd         stm32f10x_usart.o
    0x0800242c   0x0800242c   0x00000012   Code   RO         1899    i.USART_DMACmd      stm32f10x_usart.o
    0x0800243e   0x0800243e   0x00000002   PAD
    0x08002440   0x08002440   0x0000009c   Code   RO         1900    i.USART_DeInit      stm32f10x_usart.o
    0x080024dc   0x080024dc   0x0000001a   Code   RO         1901    i.USART_GetFlagStatus  stm32f10x_usart.o
    0x080024f6   0x080024f6   0x00000054   Code   RO         1902    i.USART_GetITStatus  stm32f10x_usart.o
    0x0800254a   0x0800254a   0x0000004a   Code   RO         1904    i.USART_ITConfig    stm32f10x_usart.o
    0x08002594   0x08002594   0x000000d8   Code   RO         1905    i.USART_Init        stm32f10x_usart.o
    0x0800266c   0x0800266c   0x00000008   Code   RO         1915    i.USART_SendData    stm32f10x_usart.o
    0x08002674   0x08002674   0x00000002   Code   RO            7    i.UsageFault_Handler  stm32f10x_it.o
    0x08002676   0x08002676   0x00000002   PAD
    0x08002678   0x08002678   0x00000020   Code   RO         3684    i.__0printf         mc_w.l(printfa.o)
    0x08002698   0x08002698   0x00000024   Code   RO         3690    i.__0vsprintf       mc_w.l(printfa.o)
    0x080026bc   0x080026bc   0x0000000e   Code   RO         3781    i.__scatterload_copy  mc_w.l(handlers.o)
    0x080026ca   0x080026ca   0x00000002   Code   RO         3782    i.__scatterload_null  mc_w.l(handlers.o)
    0x080026cc   0x080026cc   0x0000000e   Code   RO         3783    i.__scatterload_zeroinit  mc_w.l(handlers.o)
    0x080026da   0x080026da   0x00000002   PAD
    0x080026dc   0x080026dc   0x00000184   Code   RO         3691    i._fp_digits        mc_w.l(printfa.o)
    0x08002860   0x08002860   0x000006dc   Code   RO         3692    i._printf_core      mc_w.l(printfa.o)
    0x08002f3c   0x08002f3c   0x00000024   Code   RO         3693    i._printf_post_padding  mc_w.l(printfa.o)
    0x08002f60   0x08002f60   0x0000002e   Code   RO         3694    i._printf_pre_padding  mc_w.l(printfa.o)
    0x08002f8e   0x08002f8e   0x0000000a   Code   RO         3696    i._sputc            mc_w.l(printfa.o)
    0x08002f98   0x08002f98   0x00000058   Code   RO          286    i.delay_init        delay.o
    0x08002ff0   0x08002ff0   0x00000040   Code   RO          287    i.delay_ms          delay.o
    0x08003030   0x08003030   0x00000048   Code   RO          288    i.delay_us          delay.o
    0x08003078   0x08003078   0x0000035c   Code   RO          923    i.downdoor          door.o
    0x080033d4   0x080033d4   0x0000028c   Code   RO         1023    i.errormessage      runcode.o
    0x08003660   0x08003660   0x0000001c   Code   RO          321    i.fputc             usart1.o
    0x0800367c   0x0800367c   0x00000098   Code   RO          715    i.getCT             aht20.o
    0x08003714   0x08003714   0x000005e4   Code   RO         1024    i.heating           runcode.o
    0x08003cf8   0x08003cf8   0x0000008c   Code   RO          665    i.led_init          led.o
    0x08003d84   0x08003d84   0x000000b8   Code   RO          214    i.main              main.o
    0x08003e3c   0x08003e3c   0x00000080   Code   RO          666    i.my_LED_task       led.o
    0x08003ebc   0x08003ebc   0x000000e0   Code   RO          924    i.my_door_task      door.o
    0x08003f9c   0x08003f9c   0x0000003a   Code   RO          716    i.my_getCT_task     aht20.o
    0x08003fd6   0x08003fd6   0x00000002   PAD
    0x08003fd8   0x08003fd8   0x00000600   Code   RO          995    i.my_instruct_task  instruct.o
    0x080045d8   0x080045d8   0x00000998   Code   RO         1025    i.my_runcode_task   runcode.o
    0x08004f70   0x08004f70   0x00000088   Code   RO          215    i.my_showhmi_task   main.o
    0x08004ff8   0x08004ff8   0x00000148   Code   RO          216    i.my_start_task     main.o
    0x08005140   0x08005140   0x00000098   Code   RO          954    i.power_init        power.o
    0x080051d8   0x080051d8   0x00000098   Code   RO         2822    i.prvAddCurrentTaskToDelayedList  tasks.o
    0x08005270   0x08005270   0x000000b8   Code   RO         2823    i.prvAddNewTaskToReadyList  tasks.o
    0x08005328   0x08005328   0x00000064   Code   RO         3182    i.prvCheckForValidListAndQueue  timers.o
    0x0800538c   0x0800538c   0x00000064   Code   RO         2824    i.prvCheckTasksWaitingTermination  tasks.o
    0x080053f0   0x080053f0   0x0000002a   Code   RO         2592    i.prvCopyDataFromQueue  queue.o
    0x0800541a   0x0800541a   0x0000007c   Code   RO         2593    i.prvCopyDataToQueue  queue.o
    0x08005496   0x08005496   0x00000012   Code   RO         2825    i.prvDeleteTCB      tasks.o
    0x080054a8   0x080054a8   0x00000028   Code   RO         3183    i.prvGetNextExpireTime  timers.o
    0x080054d0   0x080054d0   0x0000007c   Code   RO         3312    i.prvHeapInit       heap_4.o
    0x0800554c   0x0800554c   0x00000028   Code   RO         2826    i.prvIdleTask       tasks.o
    0x08005574   0x08005574   0x0000002e   Code   RO         2595    i.prvInitialiseNewQueue  queue.o
    0x080055a2   0x080055a2   0x00000002   PAD
    0x080055a4   0x080055a4   0x000000d0   Code   RO         2827    i.prvInitialiseNewTask  tasks.o
    0x08005674   0x08005674   0x00000068   Code   RO         2828    i.prvInitialiseTaskLists  tasks.o
    0x080056dc   0x080056dc   0x00000068   Code   RO         3313    i.prvInsertBlockIntoFreeList  heap_4.o
    0x08005744   0x08005744   0x00000058   Code   RO         3185    i.prvInsertTimerInActiveList  timers.o
    0x0800579c   0x0800579c   0x0000001a   Code   RO         2596    i.prvIsQueueEmpty   queue.o
    0x080057b6   0x080057b6   0x0000001e   Code   RO         2597    i.prvIsQueueFull    queue.o
    0x080057d4   0x080057d4   0x000000a0   Code   RO         2598    i.prvNotifyQueueSetContainer  queue.o
    0x08005874   0x08005874   0x00000080   Code   RO         3186    i.prvProcessExpiredTimer  timers.o
    0x080058f4   0x080058f4   0x0000012c   Code   RO         3187    i.prvProcessReceivedCommands  timers.o
    0x08005a20   0x08005a20   0x00000074   Code   RO         3188    i.prvProcessTimerOrBlockTask  timers.o
    0x08005a94   0x08005a94   0x00000034   Code   RO         2830    i.prvResetNextTaskUnblockTime  tasks.o
    0x08005ac8   0x08005ac8   0x0000002c   Code   RO         3189    i.prvSampleTimeNow  timers.o
    0x08005af4   0x08005af4   0x000000bc   Code   RO         3190    i.prvSwitchTimerLists  timers.o
    0x08005bb0   0x08005bb0   0x00000070   Code   RO         3362    i.prvTaskExitError  port.o
    0x08005c20   0x08005c20   0x00000074   Code   RO         2832    i.prvTaskIsTaskSuspended  tasks.o
    0x08005c94   0x08005c94   0x0000001a   Code   RO         3191    i.prvTimerTask      timers.o
    0x08005cae   0x08005cae   0x00000092   Code   RO         2599    i.prvUnlockQueue    queue.o
    0x08005d40   0x08005d40   0x00000154   Code   RO         3314    i.pvPortMalloc      heap_4.o
    0x08005e94   0x08005e94   0x00000020   Code   RO         2834    i.pvTaskIncrementMutexHeldCount  tasks.o
    0x08005eb4   0x08005eb4   0x00000024   Code   RO         3363    i.pxPortInitialiseStack  port.o
    0x08005ed8   0x08005ed8   0x00000018   Code   RO          925    i.stopdoor          door.o
    0x08005ef0   0x08005ef0   0x0000003c   Code   RO          593    i.uart4_idle_interrupt_init  uart4.o
    0x08005f2c   0x08005f2c   0x0000008c   Code   RO          594    i.uart4_init        uart4.o
    0x08005fb8   0x08005fb8   0x0000003c   Code   RO          595    i.uart4_printf      uart4.o
    0x08005ff4   0x08005ff4   0x00000048   Code   RO          596    i.uart4_rx_dma_init  uart4.o
    0x0800603c   0x0800603c   0x00000020   Code   RO          597    i.uart4_send_byte_blocking  uart4.o
    0x0800605c   0x0800605c   0x00000014   Code   RO          598    i.uart4dma_init     uart4.o
    0x08006070   0x08006070   0x00000198   Code   RO          926    i.updoor            door.o
    0x08006208   0x08006208   0x0000003c   Code   RO          325    i.usart1_idle_interrupt_init  usart1.o
    0x08006244   0x08006244   0x00000088   Code   RO          326    i.usart1_init       usart1.o
    0x080062cc   0x080062cc   0x00000048   Code   RO          328    i.usart1_rx_dma_init  usart1.o
    0x08006314   0x08006314   0x00000014   Code   RO          330    i.usart1dma_init    usart1.o
    0x08006328   0x08006328   0x0000003c   Code   RO          426    i.usart2_idle_interrupt_init  usart2.o
    0x08006364   0x08006364   0x00000088   Code   RO          427    i.usart2_init       usart2.o
    0x080063ec   0x080063ec   0x00000048   Code   RO          429    i.usart2_rx_dma_init  usart2.o
    0x08006434   0x08006434   0x00000014   Code   RO          431    i.usart2dma_init    usart2.o
    0x08006448   0x08006448   0x0000003c   Code   RO          511    i.usart3_idle_interrupt_init  usart3.o
    0x08006484   0x08006484   0x0000008c   Code   RO          512    i.usart3_init       usart3.o
    0x08006510   0x08006510   0x00000048   Code   RO          514    i.usart3_rx_dma_init  usart3.o
    0x08006558   0x08006558   0x00000014   Code   RO          516    i.usart3dma_init    usart3.o
    0x0800656c   0x0800656c   0x00000028   Code   RO         2555    i.uxListRemove      list.o
    0x08006594   0x08006594   0x0000001a   Code   RO         2556    i.vListInitialise   list.o
    0x080065ae   0x080065ae   0x00000006   Code   RO         2557    i.vListInitialiseItem  list.o
    0x080065b4   0x080065b4   0x00000034   Code   RO         2558    i.vListInsert       list.o
    0x080065e8   0x080065e8   0x00000018   Code   RO         2559    i.vListInsertEnd    list.o
    0x08006600   0x08006600   0x00000088   Code   RO         3365    i.vPortEnterCritical  port.o
    0x08006688   0x08006688   0x00000070   Code   RO         3366    i.vPortExitCritical  port.o
    0x080066f8   0x080066f8   0x000000b8   Code   RO         3315    i.vPortFree         heap_4.o
    0x080067b0   0x080067b0   0x00000020   Code   RO         3367    i.vPortSetupTimerInterrupt  port.o
    0x080067d0   0x080067d0   0x000000a0   Code   RO         3368    i.vPortValidateInterruptPriority  port.o
    0x08006870   0x08006870   0x0000002c   Code   RO         2605    i.vQueueAddToRegistry  queue.o
    0x0800689c   0x0800689c   0x0000004a   Code   RO         2609    i.vQueueWaitForMessageRestricted  queue.o
    0x080068e6   0x080068e6   0x00000002   PAD
    0x080068e8   0x080068e8   0x00000074   Code   RO         2842    i.vTaskDelay        tasks.o
    0x0800695c   0x0800695c   0x000000dc   Code   RO         2843    i.vTaskDelayUntil   tasks.o
    0x08006a38   0x08006a38   0x0000010c   Code   RO         2844    i.vTaskDelete       tasks.o
    0x08006b44   0x08006b44   0x0000000c   Code   RO         2848    i.vTaskMissedYield  tasks.o
    0x08006b50   0x08006b50   0x00000054   Code   RO         2850    i.vTaskPlaceOnEventList  tasks.o
    0x08006ba4   0x08006ba4   0x0000005c   Code   RO         2851    i.vTaskPlaceOnEventListRestricted  tasks.o
    0x08006c00   0x08006c00   0x000000b0   Code   RO         2853    i.vTaskPriorityInherit  tasks.o
    0x08006cb0   0x08006cb0   0x000000ac   Code   RO         2855    i.vTaskResume       tasks.o
    0x08006d5c   0x08006d5c   0x0000004c   Code   RO         2857    i.vTaskSetTimeOutState  tasks.o
    0x08006da8   0x08006da8   0x000000ac   Code   RO         2858    i.vTaskStartScheduler  tasks.o
    0x08006e54   0x08006e54   0x00000100   Code   RO         2859    i.vTaskSuspend      tasks.o
    0x08006f54   0x08006f54   0x00000010   Code   RO         2860    i.vTaskSuspendAll   tasks.o
    0x08006f64   0x08006f64   0x000000a8   Code   RO         2861    i.vTaskSwitchContext  tasks.o
    0x0800700c   0x0800700c   0x000000a0   Code   RO         3369    i.xPortStartScheduler  port.o
    0x080070ac   0x080070ac   0x00000034   Code   RO         3370    i.xPortSysTickHandler  port.o
    0x080070e0   0x080070e0   0x00000074   Code   RO         2614    i.xQueueGenericCreate  queue.o
    0x08007154   0x08007154   0x000001c8   Code   RO         2615    i.xQueueGenericReceive  queue.o
    0x0800731c   0x0800731c   0x000000b0   Code   RO         2616    i.xQueueGenericReset  queue.o
    0x080073cc   0x080073cc   0x000001c4   Code   RO         2617    i.xQueueGenericSend  queue.o
    0x08007590   0x08007590   0x00000110   Code   RO         2618    i.xQueueGenericSendFromISR  queue.o
    0x080076a0   0x080076a0   0x000000a0   Code   RO         2862    i.xTaskCheckForTimeOut  tasks.o
    0x08007740   0x08007740   0x00000060   Code   RO         2863    i.xTaskCreate       tasks.o
    0x080077a0   0x080077a0   0x00000020   Code   RO         2867    i.xTaskGetSchedulerState  tasks.o
    0x080077c0   0x080077c0   0x0000000c   Code   RO         2868    i.xTaskGetTickCount  tasks.o
    0x080077cc   0x080077cc   0x00000160   Code   RO         2870    i.xTaskIncrementTick  tasks.o
    0x0800792c   0x0800792c   0x000000d8   Code   RO         2873    i.xTaskPriorityDisinherit  tasks.o
    0x08007a04   0x08007a04   0x000000b4   Code   RO         2874    i.xTaskRemoveFromEventList  tasks.o
    0x08007ab8   0x08007ab8   0x00000120   Code   RO         2876    i.xTaskResumeAll    tasks.o
    0x08007bd8   0x08007bd8   0x00000074   Code   RO         3195    i.xTimerCreateTimerTask  timers.o
    0x08007c4c   0x08007c4c   0x000000a4   Code   RO         3196    i.xTimerGenericCommand  timers.o
    0x08007cf0   0x08007cf0   0x0000002c   Data   RO          332    .constdata          usart1.o
    0x08007d1c   0x08007d1c   0x0000002c   Data   RO          433    .constdata          usart2.o
    0x08007d48   0x08007d48   0x0000002c   Data   RO          518    .constdata          usart3.o
    0x08007d74   0x08007d74   0x0000002c   Data   RO          600    .constdata          uart4.o
    0x08007da0   0x08007da0   0x00000046   Data   RO          996    .conststring        instruct.o
    0x08007de6   0x08007de6   0x00000002   PAD
    0x08007de8   0x08007de8   0x00000049   Data   RO         1026    .conststring        runcode.o
    0x08007e31   0x08007e31   0x00000003   PAD
    0x08007e34   0x08007e34   0x00000020   Data   RO         3779    Region$$Table       anon$$obj.o


    Execution Region ER_RW (Exec base: 0x20000000, Load base: 0x08007e54, Size: 0x00000560, Max: 0xffffffff, ABSOLUTE, COMPRESSED[0x00000154])

    Exec Addr    Load Addr    Size         Type   Attr      Idx    E Section Name        Object

    0x20000000   COMPRESSED   0x0000002c   Data   RW          218    .data               main.o
    0x2000002c   COMPRESSED   0x00000004   Data   RW          290    .data               delay.o
    0x20000030   COMPRESSED   0x00000008   Data   RW          333    .data               usart1.o
    0x20000038   COMPRESSED   0x00000003   Data   RW          434    .data               usart2.o
    0x2000003b   COMPRESSED   0x00000001   PAD
    0x2000003c   COMPRESSED   0x00000003   Data   RW          519    .data               usart3.o
    0x2000003f   COMPRESSED   0x00000001   PAD
    0x20000040   COMPRESSED   0x00000003   Data   RW          601    .data               uart4.o
    0x20000043   COMPRESSED   0x00000001   PAD
    0x20000044   COMPRESSED   0x00000004   Data   RW          667    .data               led.o
    0x20000048   COMPRESSED   0x00000010   Data   RW          717    .data               aht20.o
    0x20000058   COMPRESSED   0x00000034   Data   RW          885    .data               thermostat.o
    0x2000008c   COMPRESSED   0x0000021c   Data   RW          955    .data               power.o
    0x200002a8   COMPRESSED   0x00000200   Data   RW          982    .data               crc.o
    0x200004a8   COMPRESSED   0x00000010   Data   RW          997    .data               instruct.o
    0x200004b8   COMPRESSED   0x0000000c   Data   RW         1027    .data               runcode.o
    0x200004c4   COMPRESSED   0x00000014   Data   RW         1073    .data               system_stm32f10x.o
    0x200004d8   COMPRESSED   0x00000014   Data   RW         1178    .data               stm32f10x_rcc.o
    0x200004ec   COMPRESSED   0x0000003c   Data   RW         2879    .data               tasks.o
    0x20000528   COMPRESSED   0x00000014   Data   RW         3204    .data               timers.o
    0x2000053c   COMPRESSED   0x00000018   Data   RW         3320    .data               heap_4.o
    0x20000554   COMPRESSED   0x0000000c   Data   RW         3371    .data               port.o


    Execution Region ER_ZI (Exec base: 0x20000560, Load base: 0x08007fa8, Size: 0x00005a70, Max: 0xffffffff, ABSOLUTE)

    Exec Addr    Load Addr    Size         Type   Attr      Idx    E Section Name        Object

    0x20000560        -       0x000000c8   Zero   RW          331    .bss                usart1.o
    0x20000628        -       0x000000c8   Zero   RW          432    .bss                usart2.o
    0x200006f0        -       0x000000c8   Zero   RW          517    .bss                usart3.o
    0x200007b8        -       0x000000c8   Zero   RW          599    .bss                uart4.o
    0x20000880        -       0x00000040   Zero   RW         2629    .bss                queue.o
    0x200008c0        -       0x000002e4   Zero   RW         2878    .bss                tasks.o
    0x20000ba4        -       0x00000028   Zero   RW         3203    .bss                timers.o
    0x20000bcc        -       0x00005000   Zero   RW         3319    .bss                heap_4.o
    0x20005bcc   0x08007fa8   0x00000004   PAD
    0x20005bd0        -       0x00000400   Zero   RW         1103    STACK               startup_stm32f10x_hd.o


==============================================================================

Image component sizes


      Code (inc. data)   RO Data    RW Data    ZI Data      Debug   Object Name

      1498        102          0         16          0      13541   aht20.o
         0          0          0          0          0         32   core_cm3.o
        56          8          0        512          0        828   crc.o
       224         26          0          4          0       1759   delay.o
      1516        694          0          0          0       2522   door.o
         0          0          0          0          0       9320   event_groups.o
       752        176          0         24      20480       3687   heap_4.o
      1536        352         70         16          0       2498   instruct.o
       268         20          0          4          0       1274   led.o
       148          0          0          0          0       2882   list.o
       648        226          0         44          0       2681   main.o
       172         22          0          0          0       1865   misc.o
       950        320          0         12          0       9849   port.o
      1008        340          0        540          0       2594   power.o
      2164        238          0          0         64      12457   queue.o
      4616       1948         73         12          0       3887   runcode.o
        36          8        304          0       1024        772   startup_stm32f10x_hd.o
       428          8          0          0          0       4256   stm32f10x_dma.o
       448          6          0          0          0       4206   stm32f10x_gpio.o
        70         28          0          0          0     259771   stm32f10x_it.o
       372         50          0         20          0       5780   stm32f10x_rcc.o
       654         28          0          0          0       7503   stm32f10x_usart.o
       404         14          0          0          0        658   switch.o
       328         28          0         20          0       2037   system_stm32f10x.o
      4170       1096          0         60        740      30374   tasks.o
      1288        416          0         52          0       4154   thermostat.o
      1310        312          0         20         40       8111   timers.o
       560         66         44          3        200       4590   uart4.o
       444         54         44          8        200       5850   usart1.o
       416         52         44          3        200       3550   usart2.o
       420         52         44          3        200       3510   usart3.o

    ----------------------------------------------------------------------
     26928       6690        660       1376      23152     416798   Object Totals
         0          0         32          0          0          0   (incl. Generated)
        24          0          5          3          4          0   (incl. Padding)

    ----------------------------------------------------------------------

      Code (inc. data)   RO Data    RW Data    ZI Data      Debug   Library Member Name

        94          0          0          0          0          0   __dclz77c.o
         0          0          0          0          0          0   entry.o
         0          0          0          0          0          0   entry10a.o
         0          0          0          0          0          0   entry11a.o
         8          4          0          0          0          0   entry2.o
         4          0          0          0          0          0   entry5.o
         0          0          0          0          0          0   entry7b.o
         0          0          0          0          0          0   entry8b.o
         8          4          0          0          0          0   entry9a.o
        30          0          0          0          0          0   handlers.o
        36          8          0          0          0         68   init.o
         0          0          0          0          0          0   iusefp.o
        30          0          0          0          0         68   llshl.o
        36          0          0          0          0         68   llsshr.o
        32          0          0          0          0         68   llushr.o
        36          0          0          0          0         68   memcpya.o
        36          0          0          0          0        108   memseta.o
      2304         96          0          0          0        600   printfa.o
        14          0          0          0          0         68   strlen.o
        44          0          0          0          0         80   uidiv.o
        98          0          0          0          0         92   uldiv.o
        48          0          0          0          0         68   cdcmple.o
        48          0          0          0          0         68   cdrcmple.o
        20          0          0          0          0         68   cfcmple.o
        56          0          0          0          0         88   d2f.o
       334          0          0          0          0        148   dadd.o
       222          0          0          0          0        100   ddiv.o
       186          0          0          0          0        176   depilogue.o
        50          0          0          0          0         76   dfixui.o
        48          0          0          0          0         68   dfixul.o
        34          0          0          0          0         76   dflti.o
       228          0          0          0          0         96   dmul.o
        38          0          0          0          0         68   f2d.o
       176          0          0          0          0        140   fadd.o
       124          0          0          0          0         88   fdiv.o
       110          0          0          0          0        168   fepilogue.o
        50          0          0          0          0         68   ffixi.o
        40          0          0          0          0         68   ffixui.o
        18          0          0          0          0         68   fflti.o
        10          0          0          0          0         68   ffltui.o
       100          0          0          0          0         76   fmul.o

    ----------------------------------------------------------------------
      4752        112          0          0          0       3132   Library Totals
         2          0          0          0          0          0   (incl. Padding)

    ----------------------------------------------------------------------

      Code (inc. data)   RO Data    RW Data    ZI Data      Debug   Library Name

      2810        112          0          0          0       1288   mc_w.l
      1940          0          0          0          0       1844   mf_w.l

    ----------------------------------------------------------------------
      4752        112          0          0          0       3132   Library Totals

    ----------------------------------------------------------------------

==============================================================================


      Code (inc. data)   RO Data    RW Data    ZI Data      Debug   

     31680       6802        660       1376      23152     408930   Grand Totals
     31680       6802        660        340      23152     408930   ELF Image Totals (compressed)
     31680       6802        660        340          0          0   ROM Totals

==============================================================================

    Total RO  Size (Code + RO Data)                32340 (  31.58kB)
    Total RW  Size (RW Data + ZI Data)             24528 (  23.95kB)
    Total ROM Size (Code + RO Data + RW Data)      32680 (  31.91kB)

==============================================================================

